Archive member included because of file (symbol)

.\CortexM0\ARM_GCC_484\Debug\PSoC 4 Compass Modbus Slave.a(cyfitter_cfg.o)
                              .\CortexM0\ARM_GCC_484\Debug\Cm0Start.o (cyfitter_cfg)
.\CortexM0\ARM_GCC_484\Debug\PSoC 4 Compass Modbus Slave.a(CyBootAsmGnu.o)
                              .\CortexM0\ARM_GCC_484\Debug\PSoC 4 Compass Modbus Slave.a(cyfitter_cfg.o) (CyDelayCycles)
.\CortexM0\ARM_GCC_484\Debug\PSoC 4 Compass Modbus Slave.a(CyLib.o)
                              .\CortexM0\ARM_GCC_484\Debug\HMC5883L-Compass.o (CyDelayUs)
.\CortexM0\ARM_GCC_484\Debug\PSoC 4 Compass Modbus Slave.a(MessageTimer.o)
                              .\CortexM0\ARM_GCC_484\Debug\Modbus.o (MessageTimer_Start)
.\CortexM0\ARM_GCC_484\Debug\PSoC 4 Compass Modbus Slave.a(ModbusUART.o)
                              .\CortexM0\ARM_GCC_484\Debug\main.o (ModbusUART_Start)
.\CortexM0\ARM_GCC_484\Debug\PSoC 4 Compass Modbus Slave.a(ModbusUART_SPI_UART.o)
                              .\CortexM0\ARM_GCC_484\Debug\Modbus.o (ModbusUART_SpiUartWriteTxData)
.\CortexM0\ARM_GCC_484\Debug\PSoC 4 Compass Modbus Slave.a(ModbusUART_UART.o)
                              .\CortexM0\ARM_GCC_484\Debug\PSoC 4 Compass Modbus Slave.a(ModbusUART.o) (ModbusUART_UartInit)
.\CortexM0\ARM_GCC_484\Debug\PSoC 4 Compass Modbus Slave.a(MessageReceived.o)
                              .\CortexM0\ARM_GCC_484\Debug\main.o (MessageReceived_StartEx)
.\CortexM0\ARM_GCC_484\Debug\PSoC 4 Compass Modbus Slave.a(EndOfMessage.o)
                              .\CortexM0\ARM_GCC_484\Debug\Modbus.o (EndOfMessage_StartEx)
.\CortexM0\ARM_GCC_484\Debug\PSoC 4 Compass Modbus Slave.a(writeEnable.o)
                              .\CortexM0\ARM_GCC_484\Debug\main.o (writeEnable_Write)
.\CortexM0\ARM_GCC_484\Debug\PSoC 4 Compass Modbus Slave.a(SpeedTimer.o)
                              .\CortexM0\ARM_GCC_484\Debug\main.o (SpeedTimer_Start)
.\CortexM0\ARM_GCC_484\Debug\PSoC 4 Compass Modbus Slave.a(SpeedInterrupt.o)
                              .\CortexM0\ARM_GCC_484\Debug\main.o (SpeedInterrupt_StartEx)
.\CortexM0\ARM_GCC_484\Debug\PSoC 4 Compass Modbus Slave.a(I2C_MASTER.o)
                              .\CortexM0\ARM_GCC_484\Debug\main.o (I2C_MASTER_Start)
.\CortexM0\ARM_GCC_484\Debug\PSoC 4 Compass Modbus Slave.a(I2C_MASTER_I2C.o)
                              .\CortexM0\ARM_GCC_484\Debug\PSoC 4 Compass Modbus Slave.a(I2C_MASTER.o) (I2C_MASTER_I2CInit)
.\CortexM0\ARM_GCC_484\Debug\PSoC 4 Compass Modbus Slave.a(I2C_MASTER_I2C_MASTER.o)
                              .\CortexM0\ARM_GCC_484\Debug\PSoC 4 Compass Modbus Slave.a(I2C_MASTER_I2C.o) (I2C_MASTER_mstrStatus)
.\CortexM0\ARM_GCC_484\Debug\PSoC 4 Compass Modbus Slave.a(I2C_MASTER_sda.o)
                              .\CortexM0\ARM_GCC_484\Debug\PSoC 4 Compass Modbus Slave.a(I2C_MASTER_I2C_MASTER.o) (I2C_MASTER_sda_Read)
.\CortexM0\ARM_GCC_484\Debug\PSoC 4 Compass Modbus Slave.a(I2C_MASTER_scl.o)
                              .\CortexM0\ARM_GCC_484\Debug\PSoC 4 Compass Modbus Slave.a(I2C_MASTER_I2C_MASTER.o) (I2C_MASTER_scl_Write)
.\CortexM0\ARM_GCC_484\Debug\PSoC 4 Compass Modbus Slave.a(I2C_MASTER_I2C_INT.o)
                              .\CortexM0\ARM_GCC_484\Debug\PSoC 4 Compass Modbus Slave.a(I2C_MASTER_I2C.o) (I2C_MASTER_I2C_ISR)
c:/program files (x86)/cypress/psoc creator/3.1/psoc creator/import/gnu_cs/arm/4.8.4/bin/../lib/gcc/arm-none-eabi/4.8.4/armv6-m\libgcc.a(_udivsi3.o)
                              .\CortexM0\ARM_GCC_484\Debug\PSoC 4 Compass Modbus Slave.a(CyLib.o) (__aeabi_uidiv)
c:/program files (x86)/cypress/psoc creator/3.1/psoc creator/import/gnu_cs/arm/4.8.4/bin/../lib/gcc/arm-none-eabi/4.8.4/armv6-m\libgcc.a(_divsi3.o)
                              .\CortexM0\ARM_GCC_484\Debug\HMC5883L-Compass.o (__aeabi_idiv)
c:/program files (x86)/cypress/psoc creator/3.1/psoc creator/import/gnu_cs/arm/4.8.4/bin/../lib/gcc/arm-none-eabi/4.8.4/armv6-m\libgcc.a(_dvmd_tls.o)
                              c:/program files (x86)/cypress/psoc creator/3.1/psoc creator/import/gnu_cs/arm/4.8.4/bin/../lib/gcc/arm-none-eabi/4.8.4/armv6-m\libgcc.a(_udivsi3.o) (__aeabi_idiv0)
c:/program files (x86)/cypress/psoc creator/3.1/psoc creator/import/gnu_cs/arm/4.8.4/bin/../lib/gcc/arm-none-eabi/4.8.4/armv6-m\libgcc.a(_arm_cmpsf2.o)
                              .\CortexM0\ARM_GCC_484\Debug\HMC5883L-Compass.o (__aeabi_fcmpeq)
c:/program files (x86)/cypress/psoc creator/3.1/psoc creator/import/gnu_cs/arm/4.8.4/bin/../lib/gcc/arm-none-eabi/4.8.4/armv6-m\libgcc.a(_fixunsdfsi.o)
                              .\CortexM0\ARM_GCC_484\Debug\main.o (__aeabi_d2uiz)
c:/program files (x86)/cypress/psoc creator/3.1/psoc creator/import/gnu_cs/arm/4.8.4/bin/../lib/gcc/arm-none-eabi/4.8.4/armv6-m\libgcc.a(addsf3.o)
                              .\CortexM0\ARM_GCC_484\Debug\main.o (__aeabi_fadd)
[...]
Memory Configuration

Name             Origin             Length             Attributes
rom              0x00000000         0x00008000         xr
ram              0x20000000         0x00001000         xrw
*default*        0x00000000         0xffffffff

Linker script and memory map

LOAD c:/program files (x86)/cypress/psoc creator/3.1/psoc creator/import/gnu_cs/arm/4.8.4/bin/../lib/gcc/arm-none-eabi/4.8.4/armv6-m/crti.o
LOAD c:/program files (x86)/cypress/psoc creator/3.1/psoc creator/import/gnu_cs/arm/4.8.4/bin/../lib/gcc/arm-none-eabi/4.8.4/armv6-m/crtbegin.o
LOAD c:/program files (x86)/cypress/psoc creator/3.1/psoc creator/import/gnu_cs/arm/4.8.4/bin/../lib/gcc/arm-none-eabi/4.8.4/../../../../arm-none-eabi/lib/armv6-m/crt0.o
START GROUP
LOAD .\CortexM0\ARM_GCC_484\Debug\main.o
LOAD .\CortexM0\ARM_GCC_484\Debug\interrupts.o
LOAD .\CortexM0\ARM_GCC_484\Debug\Modbus.o
LOAD .\CortexM0\ARM_GCC_484\Debug\i2cfunctions.o
LOAD .\CortexM0\ARM_GCC_484\Debug\hmc5883l.o
LOAD .\CortexM0\ARM_GCC_484\Debug\HMC5883L-Compass.o
LOAD .\CortexM0\ARM_GCC_484\Debug\i2c.o
LOAD .\CortexM0\ARM_GCC_484\Debug\cymetadata.o
LOAD .\CortexM0\ARM_GCC_484\Debug\Cm0Start.o
LOAD .\CortexM0\ARM_GCC_484\Debug\PSoC 4 Compass Modbus Slave.a
LOAD C:\Program Files (x86)\Cypress\PSoC Creator\3.1\PSoC Creator\psoc\content\cycomponentlibrary\CyComponentLibrary.cylib\CortexM0\ARM_GCC_484\Debug\CyComponentLibrary.a
LOAD c:/program files (x86)/cypress/psoc creator/3.1/psoc creator/import/gnu_cs/arm/4.8.4/bin/../lib/gcc/arm-none-eabi/4.8.4/../../../../arm-none-eabi/lib/armv6-m\libm.a
END GROUP
START GROUP
LOAD c:/program files (x86)/cypress/psoc creator/3.1/psoc creator/import/gnu_cs/arm/4.8.4/bin/../lib/gcc/arm-none-eabi/4.8.4/armv6-m\libgcc.a
LOAD c:/program files (x86)/cypress/psoc creator/3.1/psoc creator/import/gnu_cs/arm/4.8.4/bin/../lib/gcc/arm-none-eabi/4.8.4/../../../../arm-none-eabi/lib/armv6-m\libg_s.a
LOAD c:/program files (x86)/cypress/psoc creator/3.1/psoc creator/import/gnu_cs/arm/4.8.4/bin/../lib/gcc/arm-none-eabi/4.8.4/../../../../arm-none-eabi/lib/armv6-m\libc_s.a
END GROUP
START GROUP
LOAD c:/program files (x86)/cypress/psoc creator/3.1/psoc creator/import/gnu_cs/arm/4.8.4/bin/../lib/gcc/arm-none-eabi/4.8.4/armv6-m\libgcc.a
LOAD c:/program files (x86)/cypress/psoc creator/3.1/psoc creator/import/gnu_cs/arm/4.8.4/bin/../lib/gcc/arm-none-eabi/4.8.4/../../../../arm-none-eabi/lib/armv6-m\libc_s.a
END GROUP
LOAD c:/program files (x86)/cypress/psoc creator/3.1/psoc creator/import/gnu_cs/arm/4.8.4/bin/../lib/gcc/arm-none-eabi/4.8.4/armv6-m/crtend.o
LOAD c:/program files (x86)/cypress/psoc creator/3.1/psoc creator/import/gnu_cs/arm/4.8.4/bin/../lib/gcc/arm-none-eabi/4.8.4/armv6-m/crtn.o
START GROUP
LOAD c:/program files (x86)/cypress/psoc creator/3.1/psoc creator/import/gnu_cs/arm/4.8.4/bin/../lib/gcc/arm-none-eabi/4.8.4/armv6-m\libgcc.a
LOAD c:/program files (x86)/cypress/psoc creator/3.1/psoc creator/import/gnu_cs/arm/4.8.4/bin/../lib/gcc/arm-none-eabi/4.8.4/../../../../arm-none-eabi/lib/armv6-m\libc.a
LOAD c:/program files (x86)/cypress/psoc creator/3.1/psoc creator/import/gnu_cs/arm/4.8.4/bin/../lib/gcc/arm-none-eabi/4.8.4/../../../../arm-none-eabi/lib/armv6-m\libnosys.a
END GROUP
                0x00000000                CY_APPL_ORIGIN = 0x0
                0x00000080                CY_FLASH_ROW_SIZE = 0x80
                0x00000001                CY_APPL_NUM = 0x1
                0x00000040                CY_METADATA_SIZE = 0x40
                0x200003e0                PROVIDE (__cy_heap_start, _end)
                0x00000001                PROVIDE (__cy_region_num, ((__cy_regions_end - __cy_regions) / 0x10))
                0x20001000                PROVIDE (__cy_stack, (ORIGIN (ram) + 0x1000))
                0x20000c00                PROVIDE (__cy_heap_end, (__cy_stack - 0x400))

.cybootloader   0x00000000        0x0
 *(.cybootloader)
                0x00000000                appl1_start = CY_APPL_ORIGIN?CY_APPL_ORIGIN:ALIGN (CY_FLASH_ROW_SIZE)
                0x00003f80                appl2_start = (appl1_start + ALIGN ((((0x8000 - appl1_start) - (0x2 * CY_FLASH_ROW_SIZE)) / 0x2), CY_FLASH_ROW_SIZE))
                0x00000000                appl_start = (CY_APPL_NUM == 0x1)?appl1_start:appl2_start

.text           0x00000000     0x454c
 CREATE_OBJECT_SYMBOLS
                0x00000000                PROVIDE (__cy_interrupt_vector, RomVectors)
 *(.romvectors)
 .romvectors    0x00000000       0x10 .\CortexM0\ARM_GCC_484\Debug\Cm0Start.o
                0x00000000                RomVectors
                0x00000001                ASSERT ((. != __cy_interrupt_vector), No interrupt vector)
                0x00000001                ASSERT (CY_APPL_ORIGIN?(SIZEOF (.cybootloader) <= CY_APPL_ORIGIN):0x1, Wrong image location)
                0x00000010                PROVIDE (__cy_reset, Reset)
 *(.text.Reset)
 .text.Reset    0x00000010        0x8 .\CortexM0\ARM_GCC_484\Debug\Cm0Start.o
                0x00000010                Reset
                0x00000001                ASSERT ((. != __cy_reset), No reset code)
 *(.psocinit)
 .psocinit      0x00000018      0x308 .\CortexM0\ARM_GCC_484\Debug\PSoC 4 Compass Modbus Slave.a(cyfitter_cfg.o)
                0x00000190                cyfitter_cfg
                0x00000320                . = MAX (., 0x100)
 *(.text .text.* .gnu.linkonce.t.*)
 .text          0x00000320       0x60 c:/program files (x86)/cypress/psoc creator/3.1/psoc creator/import/gnu_cs/arm/4.8.4/bin/../lib/gcc/arm-none-eabi/4.8.4/armv6-m/crtbegin.o
 .text.main     0x00000380      0x1e0 .\CortexM0\ARM_GCC_484\Debug\main.o
                0x00000380                main
 .text.scaleModbusPIDConstants
                0x00000560       0xb0 .\CortexM0\ARM_GCC_484\Debug\main.o
                0x00000560                scaleModbusPIDConstants
 .text.messageReceived_isr
                0x00000610       0x30 .\CortexM0\ARM_GCC_484\Debug\interrupts.o
                0x00000610                messageReceived_isr
 .text.endOfMessage_isr
                0x00000640       0x30 .\CortexM0\ARM_GCC_484\Debug\interrupts.o
                0x00000640                endOfMessage_isr
 .text.speed_isr
                0x00000670       0x18 .\CortexM0\ARM_GCC_484\Debug\interrupts.o
                0x00000670                speed_isr
 .text.decodeMessage
                0x00000688       0xd8 .\CortexM0\ARM_GCC_484\Debug\Modbus.o
                0x00000688                decodeMessage
 .text.checkIfEndOfMessage
                0x00000760       0xfc .\CortexM0\ARM_GCC_484\Debug\Modbus.o
                0x00000760                checkIfEndOfMessage
 .text.processMessage
                0x0000085c       0x98 .\CortexM0\ARM_GCC_484\Debug\Modbus.o
                0x0000085c                processMessage
 .text.readCoil
                0x000008f4      0x298 .\CortexM0\ARM_GCC_484\Debug\Modbus.o
                0x000008f4                readCoil
 .text.readInputCoil
                0x00000b8c      0x298 .\CortexM0\ARM_GCC_484\Debug\Modbus.o
                0x00000b8c                readInputCoil
 .text.readInputReg
                0x00000e24      0x1a8 .\CortexM0\ARM_GCC_484\Debug\Modbus.o
                0x00000e24                readInputReg
 .text.readReg  0x00000fcc      0x1ac .\CortexM0\ARM_GCC_484\Debug\Modbus.o
                0x00000fcc                readReg
 .text.writeReg
                0x00001178      0x100 .\CortexM0\ARM_GCC_484\Debug\Modbus.o
                0x00001178                writeReg
 .text.writeMultipleRegs
                0x00001278      0x184 .\CortexM0\ARM_GCC_484\Debug\Modbus.o
                0x00001278                writeMultipleRegs
 .text.writeCoil
                0x000013fc      0x110 .\CortexM0\ARM_GCC_484\Debug\Modbus.o
                0x000013fc                writeCoil
 .text.writeMultipleCoils
                0x0000150c      0x264 .\CortexM0\ARM_GCC_484\Debug\Modbus.o
                0x0000150c                writeMultipleCoils
 .text.generateCRC
                0x00001770       0xac .\CortexM0\ARM_GCC_484\Debug\Modbus.o
                0x00001770                generateCRC
 .text.checkCRC
                0x0000181c       0xc0 .\CortexM0\ARM_GCC_484\Debug\Modbus.o
                0x0000181c                checkCRC
 .text.responseFinished
                0x000018dc       0x40 .\CortexM0\ARM_GCC_484\Debug\Modbus.o
                0x000018dc                responseFinished
 .text.I2CReadBytes
                0x0000191c       0x84 .\CortexM0\ARM_GCC_484\Debug\i2cfunctions.o
                0x0000191c                I2CReadBytes
 .text.I2CWriteBytes
                0x000019a0       0x64 .\CortexM0\ARM_GCC_484\Debug\i2cfunctions.o
                0x000019a0                I2CWriteBytes
 .text.I2CWriteByte
                0x00001a04       0x2c .\CortexM0\ARM_GCC_484\Debug\i2cfunctions.o
                0x00001a04                I2CWriteByte
 .text.HMC5883L_Init
                0x00001a30       0x14 .\CortexM0\ARM_GCC_484\Debug\hmc5883l.o
                0x00001a30                HMC5883L_Init
 .text.HMC5883L_initialize
                0x00001a44       0x28 .\CortexM0\ARM_GCC_484\Debug\hmc5883l.o
                0x00001a44                HMC5883L_initialize
 .text.HMC5883L_testConnection
                0x00001a6c       0x40 .\CortexM0\ARM_GCC_484\Debug\hmc5883l.o
                0x00001a6c                HMC5883L_testConnection
 .text.HMC5883L_setGain
                0x00001aac       0x2c .\CortexM0\ARM_GCC_484\Debug\hmc5883l.o
                0x00001aac                HMC5883L_setGain
 .text.HMC5883L_setMode
                0x00001ad8       0x34 .\CortexM0\ARM_GCC_484\Debug\hmc5883l.o
                0x00001ad8                HMC5883L_setMode
 .text.HMC5883L_getHeading
                0x00001b0c       0x80 .\CortexM0\ARM_GCC_484\Debug\hmc5883l.o
                0x00001b0c                HMC5883L_getHeading
 .text.IntDefaultHandler
                0x00001b8c        0x8 .\CortexM0\ARM_GCC_484\Debug\Cm0Start.o
                0x00001b8c                IntDefaultHandler
 .text.Start_c  0x00001b94       0x98 .\CortexM0\ARM_GCC_484\Debug\Cm0Start.o
                0x00001b94                Start_c
 .text.initialize_psoc
                0x00001c2c       0x64 .\CortexM0\ARM_GCC_484\Debug\Cm0Start.o
                0x00001c2c                initialize_psoc
 .text.CYMEMZERO
                0x00001c90       0x20 .\CortexM0\ARM_GCC_484\Debug\PSoC 4 Compass Modbus Slave.a(cyfitter_cfg.o)
 .text.cfg_write_bytes32
                0x00001cb0       0x80 .\CortexM0\ARM_GCC_484\Debug\PSoC 4 Compass Modbus Slave.a(cyfitter_cfg.o)
 .text.AnalogSetDefault
                0x00001d30        0x8 .\CortexM0\ARM_GCC_484\Debug\PSoC 4 Compass Modbus Slave.a(cyfitter_cfg.o)
 .text          0x00001d38       0x28 .\CortexM0\ARM_GCC_484\Debug\PSoC 4 Compass Modbus Slave.a(CyBootAsmGnu.o)
                0x00001d38                CyDelayCycles
                0x00001d4c                CyEnterCriticalSection
                0x00001d54                CyExitCriticalSection
 .text.CyIntSetVector
                0x00001d60       0x4c .\CortexM0\ARM_GCC_484\Debug\PSoC 4 Compass Modbus Slave.a(CyLib.o)
                0x00001d60                CyIntSetVector
 .text.CyIntSetPriority
                0x00001dac       0xa8 .\CortexM0\ARM_GCC_484\Debug\PSoC 4 Compass Modbus Slave.a(CyLib.o)
                0x00001dac                CyIntSetPriority
 .text.CyIntEnable
                0x00001e54       0x2c .\CortexM0\ARM_GCC_484\Debug\PSoC 4 Compass Modbus Slave.a(CyLib.o)
                0x00001e54                CyIntEnable
 .text.CyIntDisable
                0x00001e80       0x2c .\CortexM0\ARM_GCC_484\Debug\PSoC 4 Compass Modbus Slave.a(CyLib.o)
                0x00001e80                CyIntDisable
 .text.CyHalt   0x00001eac       0x14 .\CortexM0\ARM_GCC_484\Debug\PSoC 4 Compass Modbus Slave.a(CyLib.o)
                0x00001eac                CyHalt
 .text.CyDelayUs
                0x00001ec0       0x28 .\CortexM0\ARM_GCC_484\Debug\PSoC 4 Compass Modbus Slave.a(CyLib.o)
                0x00001ec0                CyDelayUs
 .text.MessageTimer_Init
                0x00001ee8       0x30 .\CortexM0\ARM_GCC_484\Debug\PSoC 4 Compass Modbus Slave.a(MessageTimer.o)
                0x00001ee8                MessageTimer_Init
 .text.MessageTimer_Enable
                0x00001f18       0x38 .\CortexM0\ARM_GCC_484\Debug\PSoC 4 Compass Modbus Slave.a(MessageTimer.o)
                0x00001f18                MessageTimer_Enable
 .text.MessageTimer_Start
                0x00001f50       0x24 .\CortexM0\ARM_GCC_484\Debug\PSoC 4 Compass Modbus Slave.a(MessageTimer.o)
                0x00001f50                MessageTimer_Start
 .text.MessageTimer_Stop
                0x00001f74       0x30 .\CortexM0\ARM_GCC_484\Debug\PSoC 4 Compass Modbus Slave.a(MessageTimer.o)
                0x00001f74                MessageTimer_Stop
 .text.MessageTimer_WriteCounter
                0x00001fa4       0x1c .\CortexM0\ARM_GCC_484\Debug\PSoC 4 Compass Modbus Slave.a(MessageTimer.o)
                0x00001fa4                MessageTimer_WriteCounter
 .text.MessageTimer_WritePeriod
                0x00001fc0       0x1c .\CortexM0\ARM_GCC_484\Debug\PSoC 4 Compass Modbus Slave.a(MessageTimer.o)
                0x00001fc0                MessageTimer_WritePeriod
 .text.MessageTimer_TriggerCommand
                0x00001fdc       0x3c .\CortexM0\ARM_GCC_484\Debug\PSoC 4 Compass Modbus Slave.a(MessageTimer.o)
                0x00001fdc                MessageTimer_TriggerCommand
 .text.MessageTimer_SetInterruptMode
                0x00002018       0x18 .\CortexM0\ARM_GCC_484\Debug\PSoC 4 Compass Modbus Slave.a(MessageTimer.o)
                0x00002018                MessageTimer_SetInterruptMode
 .text.MessageTimer_GetInterruptSource
                0x00002030       0x14 .\CortexM0\ARM_GCC_484\Debug\PSoC 4 Compass Modbus Slave.a(MessageTimer.o)
                0x00002030                MessageTimer_GetInterruptSource
 .text.MessageTimer_ClearInterrupt
                0x00002044       0x18 .\CortexM0\ARM_GCC_484\Debug\PSoC 4 Compass Modbus Slave.a(MessageTimer.o)
                0x00002044                MessageTimer_ClearInterrupt
 .text.ModbusUART_Init
                0x0000205c        0xc .\CortexM0\ARM_GCC_484\Debug\PSoC 4 Compass Modbus Slave.a(ModbusUART.o)
                0x0000205c                ModbusUART_Init
 .text.ModbusUART_Enable
                0x00002068       0x20 .\CortexM0\ARM_GCC_484\Debug\PSoC 4 Compass Modbus Slave.a(ModbusUART.o)
                0x00002068                ModbusUART_Enable
 .text.ModbusUART_Start
                0x00002088       0x24 .\CortexM0\ARM_GCC_484\Debug\PSoC 4 Compass Modbus Slave.a(ModbusUART.o)
                0x00002088                ModbusUART_Start
 .text.ModbusUART_ScbEnableIntr
                0x000020ac        0x8 .\CortexM0\ARM_GCC_484\Debug\PSoC 4 Compass Modbus Slave.a(ModbusUART.o)
 .text.ModbusUART_SpiUartReadRxData
                0x000020b4       0x20 .\CortexM0\ARM_GCC_484\Debug\PSoC 4 Compass Modbus Slave.a(ModbusUART_SPI_UART.o)
                0x000020b4                ModbusUART_SpiUartReadRxData
 .text.ModbusUART_SpiUartGetRxBufferSize
                0x000020d4       0x20 .\CortexM0\ARM_GCC_484\Debug\PSoC 4 Compass Modbus Slave.a(ModbusUART_SPI_UART.o)
                0x000020d4                ModbusUART_SpiUartGetRxBufferSize
 .text.ModbusUART_SpiUartWriteTxData
                0x000020f4       0x2c .\CortexM0\ARM_GCC_484\Debug\PSoC 4 Compass Modbus Slave.a(ModbusUART_SPI_UART.o)
                0x000020f4                ModbusUART_SpiUartWriteTxData
 .text.ModbusUART_UartInit
                0x00002120       0xac .\CortexM0\ARM_GCC_484\Debug\PSoC 4 Compass Modbus Slave.a(ModbusUART_UART.o)
                0x00002120                ModbusUART_UartInit
 .text.ModbusUART_UartGetChar
                0x000021cc       0x44 .\CortexM0\ARM_GCC_484\Debug\PSoC 4 Compass Modbus Slave.a(ModbusUART_UART.o)
                0x000021cc                ModbusUART_UartGetChar
 .text.MessageReceived_StartEx
                0x00002210       0x24 .\CortexM0\ARM_GCC_484\Debug\PSoC 4 Compass Modbus Slave.a(MessageReceived.o)
                0x00002210                MessageReceived_StartEx
 .text.MessageReceived_SetVector
                0x00002234       0x18 .\CortexM0\ARM_GCC_484\Debug\PSoC 4 Compass Modbus Slave.a(MessageReceived.o)
                0x00002234                MessageReceived_SetVector
 .text.MessageReceived_SetPriority
                0x0000224c       0x4c .\CortexM0\ARM_GCC_484\Debug\PSoC 4 Compass Modbus Slave.a(MessageReceived.o)
                0x0000224c                MessageReceived_SetPriority
 .text.MessageReceived_Enable
                0x00002298       0x14 .\CortexM0\ARM_GCC_484\Debug\PSoC 4 Compass Modbus Slave.a(MessageReceived.o)
                0x00002298                MessageReceived_Enable
 .text.MessageReceived_Disable
                0x000022ac       0x14 .\CortexM0\ARM_GCC_484\Debug\PSoC 4 Compass Modbus Slave.a(MessageReceived.o)
                0x000022ac                MessageReceived_Disable
 .text.EndOfMessage_StartEx
                0x000022c0       0x24 .\CortexM0\ARM_GCC_484\Debug\PSoC 4 Compass Modbus Slave.a(EndOfMessage.o)
                0x000022c0                EndOfMessage_StartEx
 .text.EndOfMessage_Stop
                0x000022e4       0x18 .\CortexM0\ARM_GCC_484\Debug\PSoC 4 Compass Modbus Slave.a(EndOfMessage.o)
                0x000022e4                EndOfMessage_Stop
 .text.EndOfMessage_SetVector
                0x000022fc       0x1c .\CortexM0\ARM_GCC_484\Debug\PSoC 4 Compass Modbus Slave.a(EndOfMessage.o)
                0x000022fc                EndOfMessage_SetVector
 .text.EndOfMessage_SetPriority
                0x00002318       0x50 .\CortexM0\ARM_GCC_484\Debug\PSoC 4 Compass Modbus Slave.a(EndOfMessage.o)
                0x00002318                EndOfMessage_SetPriority
 .text.EndOfMessage_Enable
                0x00002368       0x14 .\CortexM0\ARM_GCC_484\Debug\PSoC 4 Compass Modbus Slave.a(EndOfMessage.o)
                0x00002368                EndOfMessage_Enable
 .text.EndOfMessage_Disable
                0x0000237c       0x14 .\CortexM0\ARM_GCC_484\Debug\PSoC 4 Compass Modbus Slave.a(EndOfMessage.o)
                0x0000237c                EndOfMessage_Disable
 .text.writeEnable_Write
                0x00002390       0x48 .\CortexM0\ARM_GCC_484\Debug\PSoC 4 Compass Modbus Slave.a(writeEnable.o)
                0x00002390                writeEnable_Write
 .text.SpeedTimer_Init
                0x000023d8       0x4c .\CortexM0\ARM_GCC_484\Debug\PSoC 4 Compass Modbus Slave.a(SpeedTimer.o)
                0x000023d8                SpeedTimer_Init
 .text.SpeedTimer_Enable
                0x00002424       0x20 .\CortexM0\ARM_GCC_484\Debug\PSoC 4 Compass Modbus Slave.a(SpeedTimer.o)
                0x00002424                SpeedTimer_Enable
 .text.SpeedTimer_Start
                0x00002444       0x24 .\CortexM0\ARM_GCC_484\Debug\PSoC 4 Compass Modbus Slave.a(SpeedTimer.o)
                0x00002444                SpeedTimer_Start
 .text.SpeedTimer_SetInterruptMode
                0x00002468       0x20 .\CortexM0\ARM_GCC_484\Debug\PSoC 4 Compass Modbus Slave.a(SpeedTimer.o)
                0x00002468                SpeedTimer_SetInterruptMode
 .text.SpeedTimer_ReadStatusRegister
                0x00002488       0x14 .\CortexM0\ARM_GCC_484\Debug\PSoC 4 Compass Modbus Slave.a(SpeedTimer.o)
                0x00002488                SpeedTimer_ReadStatusRegister
 .text.SpeedTimer_WritePeriod
                0x0000249c       0x20 .\CortexM0\ARM_GCC_484\Debug\PSoC 4 Compass Modbus Slave.a(SpeedTimer.o)
                0x0000249c                SpeedTimer_WritePeriod
 .text.SpeedTimer_ReadCapture
                0x000024bc       0x14 .\CortexM0\ARM_GCC_484\Debug\PSoC 4 Compass Modbus Slave.a(SpeedTimer.o)
                0x000024bc                SpeedTimer_ReadCapture
 .text.SpeedTimer_WriteCounter
                0x000024d0       0x20 .\CortexM0\ARM_GCC_484\Debug\PSoC 4 Compass Modbus Slave.a(SpeedTimer.o)
                0x000024d0                SpeedTimer_WriteCounter
 .text.SpeedTimer_ClearFIFO
                0x000024f0       0x1c .\CortexM0\ARM_GCC_484\Debug\PSoC 4 Compass Modbus Slave.a(SpeedTimer.o)
                0x000024f0                SpeedTimer_ClearFIFO
 .text.SpeedInterrupt_StartEx
                0x0000250c       0x24 .\CortexM0\ARM_GCC_484\Debug\PSoC 4 Compass Modbus Slave.a(SpeedInterrupt.o)
                0x0000250c                SpeedInterrupt_StartEx
 .text.SpeedInterrupt_SetVector
                0x00002530       0x18 .\CortexM0\ARM_GCC_484\Debug\PSoC 4 Compass Modbus Slave.a(SpeedInterrupt.o)
                0x00002530                SpeedInterrupt_SetVector
 .text.SpeedInterrupt_SetPriority
                0x00002548       0x50 .\CortexM0\ARM_GCC_484\Debug\PSoC 4 Compass Modbus Slave.a(SpeedInterrupt.o)
                0x00002548                SpeedInterrupt_SetPriority
 .text.SpeedInterrupt_Enable
                0x00002598       0x14 .\CortexM0\ARM_GCC_484\Debug\PSoC 4 Compass Modbus Slave.a(SpeedInterrupt.o)
                0x00002598                SpeedInterrupt_Enable
 .text.SpeedInterrupt_Disable
                0x000025ac       0x14 .\CortexM0\ARM_GCC_484\Debug\PSoC 4 Compass Modbus Slave.a(SpeedInterrupt.o)
                0x000025ac                SpeedInterrupt_Disable
 .text.I2C_MASTER_Init
                0x000025c0        0xc .\CortexM0\ARM_GCC_484\Debug\PSoC 4 Compass Modbus Slave.a(I2C_MASTER.o)
                0x000025c0                I2C_MASTER_Init
 .text.I2C_MASTER_Enable
                0x000025cc       0x20 .\CortexM0\ARM_GCC_484\Debug\PSoC 4 Compass Modbus Slave.a(I2C_MASTER.o)
                0x000025cc                I2C_MASTER_Enable
 .text.I2C_MASTER_Start
                0x000025ec       0x24 .\CortexM0\ARM_GCC_484\Debug\PSoC 4 Compass Modbus Slave.a(I2C_MASTER.o)
                0x000025ec                I2C_MASTER_Start
 .text.I2C_MASTER_ScbEnableIntr
                0x00002610       0x10 .\CortexM0\ARM_GCC_484\Debug\PSoC 4 Compass Modbus Slave.a(I2C_MASTER.o)
 .text.I2C_MASTER_I2CInit
                0x00002620       0xe8 .\CortexM0\ARM_GCC_484\Debug\PSoC 4 Compass Modbus Slave.a(I2C_MASTER_I2C.o)
                0x00002620                I2C_MASTER_I2CInit
 .text.I2C_MASTER_I2CMasterSendStart
                0x00002708      0x110 .\CortexM0\ARM_GCC_484\Debug\PSoC 4 Compass Modbus Slave.a(I2C_MASTER_I2C_MASTER.o)
                0x00002708                I2C_MASTER_I2CMasterSendStart
 .text.I2C_MASTER_I2CMasterSendRestart
                0x00002818      0x108 .\CortexM0\ARM_GCC_484\Debug\PSoC 4 Compass Modbus Slave.a(I2C_MASTER_I2C_MASTER.o)
                0x00002818                I2C_MASTER_I2CMasterSendRestart
 .text.I2C_MASTER_I2CMasterSendStop
                0x00002920       0xbc .\CortexM0\ARM_GCC_484\Debug\PSoC 4 Compass Modbus Slave.a(I2C_MASTER_I2C_MASTER.o)
                0x00002920                I2C_MASTER_I2CMasterSendStop
 .text.I2C_MASTER_I2CMasterWriteByte
                0x000029dc       0xcc .\CortexM0\ARM_GCC_484\Debug\PSoC 4 Compass Modbus Slave.a(I2C_MASTER_I2C_MASTER.o)
                0x000029dc                I2C_MASTER_I2CMasterWriteByte
 .text.I2C_MASTER_I2CMasterReadByte
                0x00002aa8       0xa8 .\CortexM0\ARM_GCC_484\Debug\PSoC 4 Compass Modbus Slave.a(I2C_MASTER_I2C_MASTER.o)
                0x00002aa8                I2C_MASTER_I2CMasterReadByte
 .text.I2C_MASTER_I2CReStartGeneration
                0x00002b50       0xb0 .\CortexM0\ARM_GCC_484\Debug\PSoC 4 Compass Modbus Slave.a(I2C_MASTER_I2C_MASTER.o)
                0x00002b50                I2C_MASTER_I2CReStartGeneration
 .text.I2C_MASTER_sda_Read
                0x00002c00       0x1c .\CortexM0\ARM_GCC_484\Debug\PSoC 4 Compass Modbus Slave.a(I2C_MASTER_sda.o)
                0x00002c00                I2C_MASTER_sda_Read
 .text.I2C_MASTER_scl_Write
                0x00002c1c       0x48 .\CortexM0\ARM_GCC_484\Debug\PSoC 4 Compass Modbus Slave.a(I2C_MASTER_scl.o)
                0x00002c1c                I2C_MASTER_scl_Write
 .text.I2C_MASTER_scl_Read
                0x00002c64       0x1c .\CortexM0\ARM_GCC_484\Debug\PSoC 4 Compass Modbus Slave.a(I2C_MASTER_scl.o)
                0x00002c64                I2C_MASTER_scl_Read
 .text.I2C_MASTER_I2C_ISR
                0x00002c80      0x4ec .\CortexM0\ARM_GCC_484\Debug\PSoC 4 Compass Modbus Slave.a(I2C_MASTER_I2C_INT.o)
                0x00002c80                I2C_MASTER_I2C_ISR
 *fill*         0x0000316c        0x4 
 .text          0x00003170       0x40 c:/program files (x86)/cypress/psoc creator/3.1/psoc creator/import/gnu_cs/arm/4.8.4/bin/../lib/gcc/arm-none-eabi/4.8.4/armv6-m\libgcc.a(_fixunsdfsi.o)
                0x00003170                __aeabi_d2uiz
                0x00003170                __fixunsdfsi
 .text          0x000031b0      0x24c c:/program files (x86)/cypress/psoc creator/3.1/psoc creator/import/gnu_cs/arm/4.8.4/bin/../lib/gcc/arm-none-eabi/4.8.4/armv6-m\libgcc.a(divsf3.o)
                0x000031b0                __aeabi_fdiv
 .text          0x000033fc       0xa0 c:/program files (x86)/cypress/psoc creator/3.1/psoc creator/import/gnu_cs/arm/4.8.4/bin/../lib/gcc/arm-none-eabi/4.8.4/armv6-m\libgcc.a(floatunsisf.o)
                0x000033fc                __aeabi_ui2f
 .text          0x0000349c      0x520 c:/program files (x86)/cypress/psoc creator/3.1/psoc creator/import/gnu_cs/arm/4.8.4/bin/../lib/gcc/arm-none-eabi/4.8.4/armv6-m\libgcc.a(muldf3.o)
                0x0000349c                __aeabi_dmul
 .text          0x000039bc      0x668 c:/program files (x86)/cypress/psoc creator/3.1/psoc creator/import/gnu_cs/arm/4.8.4/bin/../lib/gcc/arm-none-eabi/4.8.4/armv6-m\libgcc.a(subdf3.o)
                0x000039bc                __aeabi_dsub
 .text          0x00004024       0x68 c:/program files (x86)/cypress/psoc creator/3.1/psoc creator/import/gnu_cs/arm/4.8.4/bin/../lib/gcc/arm-none-eabi/4.8.4/armv6-m\libgcc.a(fixdfsi.o)
                0x00004024                __aeabi_d2iz
 .text          0x0000408c       0x7c c:/program files (x86)/cypress/psoc creator/3.1/psoc creator/import/gnu_cs/arm/4.8.4/bin/../lib/gcc/arm-none-eabi/4.8.4/armv6-m\libgcc.a(floatsidf.o)
                0x0000408c                __aeabi_i2d
 .text          0x00004108       0xa4 c:/program files (x86)/cypress/psoc creator/3.1/psoc creator/import/gnu_cs/arm/4.8.4/bin/../lib/gcc/arm-none-eabi/4.8.4/armv6-m\libgcc.a(extendsfdf2.o)
                0x00004108                __aeabi_f2d
 .text          0x000041ac       0x7c c:/program files (x86)/cypress/psoc creator/3.1/psoc creator/import/gnu_cs/arm/4.8.4/bin/../lib/gcc/arm-none-eabi/4.8.4/armv6-m\libgcc.a(_arm_cmpdf2.o)
                0x000041ac                __aeabi_cdrcmple
                0x000041bc                __aeabi_cdcmple
                0x000041bc                __aeabi_cdcmpeq
                0x000041cc                __aeabi_dcmpeq
                0x000041d8                __aeabi_dcmplt
                0x000041ec                __aeabi_dcmple
                0x00004200                __aeabi_dcmpgt
                0x00004214                __aeabi_dcmpge
 .text          0x00004228       0x3c c:/program files (x86)/cypress/psoc creator/3.1/psoc creator/import/gnu_cs/arm/4.8.4/bin/../lib/gcc/arm-none-eabi/4.8.4/armv6-m\libgcc.a(_clzsi2.o)
                0x00004228                __clzsi2
 .text          0x00004264       0x94 c:/program files (x86)/cypress/psoc creator/3.1/psoc creator/import/gnu_cs/arm/4.8.4/bin/../lib/gcc/arm-none-eabi/4.8.4/armv6-m\libgcc.a(eqdf2.o)
                0x00004264                __nedf2
                0x00004264                __eqdf2
 .text          0x000042f8       0xfc c:/program files (x86)/cypress/psoc creator/3.1/psoc creator/import/gnu_cs/arm/4.8.4/bin/../lib/gcc/arm-none-eabi/4.8.4/armv6-m\libgcc.a(gedf2.o)
                0x000042f8                __gedf2
                0x000042f8                __gtdf2
 .text          0x000043f4       0xfc c:/program files (x86)/cypress/psoc creator/3.1/psoc creator/import/gnu_cs/arm/4.8.4/bin/../lib/gcc/arm-none-eabi/4.8.4/armv6-m\libgcc.a(ledf2.o)
                0x000043f4                __ledf2
                0x000043f4                __ltdf2
 .text.__libc_init_array
                0x000044f0       0x4c c:/program files (x86)/cypress/psoc creator/3.1/psoc creator/import/gnu_cs/arm/4.8.4/bin/../lib/gcc/arm-none-eabi/4.8.4/../../../../arm-none-eabi/lib/armv6-m\libg_s.a(lib_a-init.o)
                0x000044f0                __libc_init_array
 .text.memset   0x0000453c       0x10 c:/program files (x86)/cypress/psoc creator/3.1/psoc creator/import/gnu_cs/arm/4.8.4/bin/../lib/gcc/arm-none-eabi/4.8.4/../../../../arm-none-eabi/lib/armv6-m\libg_s.a(lib_a-memset.o)
                0x0000453c                memset
 *(.plt)
 *(.gnu.warning)
 *(.glue_7t)
 .glue_7t       0x00000000        0x0 linker stubs
 *(.glue_7)
 .glue_7        0x00000000        0x0 linker stubs
 *(.vfp11_veneer)
 .vfp11_veneer  0x00000000        0x0 linker stubs
 *(.bootloader)
 *(.ARM.extab* .gnu.linkonce.armextab.*)
 *(.gcc_except_table)

.v4_bx          0x0000454c        0x0
 .v4_bx         0x00000000        0x0 linker stubs

.iplt           0x0000454c        0x0
 .iplt          0x00000000        0x0 c:/program files (x86)/cypress/psoc creator/3.1/psoc creator/import/gnu_cs/arm/4.8.4/bin/../lib/gcc/arm-none-eabi/4.8.4/armv6-m/crtbegin.o

.eh_frame_hdr
 *(.eh_frame_hdr)

.eh_frame       0x0000454c        0x4
 *(.eh_frame)
 .eh_frame      0x0000454c        0x0 c:/program files (x86)/cypress/psoc creator/3.1/psoc creator/import/gnu_cs/arm/4.8.4/bin/../lib/gcc/arm-none-eabi/4.8.4/armv6-m/crtbegin.o
 .eh_frame      0x0000454c        0x4 c:/program files (x86)/cypress/psoc creator/3.1/psoc creator/import/gnu_cs/arm/4.8.4/bin/../lib/gcc/arm-none-eabi/4.8.4/armv6-m/crtend.o
                0x00004550                PROVIDE (__exidx_start, .)

.ARM.exidx
 *(.ARM.exidx* .gnu.linkonce.armexidx.*)
                0x00004550                __exidx_end = .

.rodata         0x00004550      0x148
 *(.rodata .rodata.* .gnu.linkonce.r.*)
 .rodata        0x00004550       0x94 .\CortexM0\ARM_GCC_484\Debug\PSoC 4 Compass Modbus Slave.a(cyfitter_cfg.o)
 .rodata        0x000045e4       0x40 c:/program files (x86)/cypress/psoc creator/3.1/psoc creator/import/gnu_cs/arm/4.8.4/bin/../lib/gcc/arm-none-eabi/4.8.4/armv6-m\libgcc.a(divsf3.o)
 .rodata        0x00004624       0x40 c:/program files (x86)/cypress/psoc creator/3.1/psoc creator/import/gnu_cs/arm/4.8.4/bin/../lib/gcc/arm-none-eabi/4.8.4/armv6-m\libgcc.a(muldf3.o)
                0x00004664                . = ALIGN (0x4)
 *(.init)
 .init          0x00004664        0x4 c:/program files (x86)/cypress/psoc creator/3.1/psoc creator/import/gnu_cs/arm/4.8.4/bin/../lib/gcc/arm-none-eabi/4.8.4/armv6-m/crti.o
                0x00004664                _init
 .init          0x00004668        0x8 c:/program files (x86)/cypress/psoc creator/3.1/psoc creator/import/gnu_cs/arm/4.8.4/bin/../lib/gcc/arm-none-eabi/4.8.4/armv6-m/crtn.o
                0x00004670                . = ALIGN (0x4)
                0x00004670                __preinit_array_start = .
 *(.preinit_array)
                0x00004670                __preinit_array_end = .
                0x00004670                . = ALIGN (0x4)
                0x00004670                __init_array_start = .
 *(SORT(.init_array.*))
 *(.init_array)
 .init_array    0x00004670        0x4 c:/program files (x86)/cypress/psoc creator/3.1/psoc creator/import/gnu_cs/arm/4.8.4/bin/../lib/gcc/arm-none-eabi/4.8.4/armv6-m/crtbegin.o
 .init_array    0x00004674        0x4 .\CortexM0\ARM_GCC_484\Debug\Cm0Start.o
                0x00004678                __init_array_end = .
                0x00004678                . = ALIGN (0x4)
 *(.fini)
 .fini          0x00004678        0x4 c:/program files (x86)/cypress/psoc creator/3.1/psoc creator/import/gnu_cs/arm/4.8.4/bin/../lib/gcc/arm-none-eabi/4.8.4/armv6-m/crti.o
                0x00004678                _fini
 .fini          0x0000467c        0x8 c:/program files (x86)/cypress/psoc creator/3.1/psoc creator/import/gnu_cs/arm/4.8.4/bin/../lib/gcc/arm-none-eabi/4.8.4/armv6-m/crtn.o
                0x00004684                . = ALIGN (0x4)
                0x00004684                __fini_array_start = .
 *(.fini_array)
 .fini_array    0x00004684        0x4 c:/program files (x86)/cypress/psoc creator/3.1/psoc creator/import/gnu_cs/arm/4.8.4/bin/../lib/gcc/arm-none-eabi/4.8.4/armv6-m/crtbegin.o
 *(SORT(.fini_array.*))
                0x00004688                __fini_array_end = .
                0x00004688                . = ALIGN (0x4)
 *crtbegin.o(.ctors)
 *(EXCLUDE_FILE(*crtend.o) .ctors)
 *(SORT(.ctors.*))
 *crtend.o(.ctors)
                0x00004688                . = ALIGN (0x4)
 *crtbegin.o(.dtors)
 *(EXCLUDE_FILE(*crtend.o) .dtors)
 *(SORT(.dtors.*))
 *crtend.o(.dtors)
                0x00004688                . = ALIGN (0x4)
                0x00004688                __cy_regions = .
                0x00004688        0x4 LONG 0x4698 __cy_region_init_ram
                0x0000468c        0x4 LONG 0x200000c8 __cy_region_start_data
                0x00004690        0x4 LONG 0x20 __cy_region_init_size_ram
                0x00004694        0x4 LONG 0x2f8 __cy_region_zero_size_ram
                0x00004698                __cy_regions_end = .
                0x00004698                . = ALIGN (0x8)
                0x00004698                _etext = .

.ramvectors     0x20000000       0xc0
                0x20000000                __cy_region_start_ram = .
 *(.ramvectors)
 .ramvectors    0x20000000       0xc0 .\CortexM0\ARM_GCC_484\Debug\Cm0Start.o
                0x20000000                CyRamVectors

.noinit         0x200000c0        0x4
 *(.noinit)
 .noinit        0x200000c0        0x4 .\CortexM0\ARM_GCC_484\Debug\Cm0Start.o

.data           0x200000c8       0x20 load address 0x00004698
                0x200000c8                __cy_region_start_data = .
 *(.jcr)
 .jcr           0x200000c8        0x0 c:/program files (x86)/cypress/psoc creator/3.1/psoc creator/import/gnu_cs/arm/4.8.4/bin/../lib/gcc/arm-none-eabi/4.8.4/armv6-m/crtbegin.o
 .jcr           0x200000c8        0x4 c:/program files (x86)/cypress/psoc creator/3.1/psoc creator/import/gnu_cs/arm/4.8.4/bin/../lib/gcc/arm-none-eabi/4.8.4/armv6-m/crtend.o
 *(.got.plt)
 *(.got)
 *(.shdata)
 *(.data .data.* .gnu.linkonce.d.*)
 .data          0x200000cc        0x4 .\CortexM0\ARM_GCC_484\Debug\main.o
                0x200000cc                scale
 .data          0x200000d0        0x1 .\CortexM0\ARM_GCC_484\Debug\Modbus.o
                0x200000d0                newMessage
 *fill*         0x200000d1        0x3 
 .data          0x200000d4        0x4 .\CortexM0\ARM_GCC_484\Debug\PSoC 4 Compass Modbus Slave.a(cyfitter_cfg.o)
 .data          0x200000d8       0x10 .\CortexM0\ARM_GCC_484\Debug\PSoC 4 Compass Modbus Slave.a(CyLib.o)
                0x200000d8                cydelayFreqHz
                0x200000dc                cydelayFreqKhz
                0x200000e0                cydelayFreqMhz
                0x200000e4                cydelay32kMs
                0x200000e8                . = ALIGN (0x8)
 *(.ram)
                0x200000e8                _edata = .

.igot.plt       0x200000e8        0x0 load address 0x000046b8
 .igot.plt      0x00000000        0x0 c:/program files (x86)/cypress/psoc creator/3.1/psoc creator/import/gnu_cs/arm/4.8.4/bin/../lib/gcc/arm-none-eabi/4.8.4/armv6-m/crtbegin.o

.bss            0x200000e8      0x2f8 load address 0x000046b8
                0x200000e8                PROVIDE (__bss_start__, .)
 *(.shbss)
 *(.bss .bss.* .gnu.linkonce.b.*)
 .bss           0x200000e8       0x1c c:/program files (x86)/cypress/psoc creator/3.1/psoc creator/import/gnu_cs/arm/4.8.4/bin/../lib/gcc/arm-none-eabi/4.8.4/armv6-m/crtbegin.o
 *fill*         0x20000104        0x4 
 .bss           0x20000108       0x20 .\CortexM0\ARM_GCC_484\Debug\main.o
                0x20000108                interruptCount
                0x20000110                bearing
                0x20000118                compassOnline
 .bss           0x20000128        0xb .\CortexM0\ARM_GCC_484\Debug\Modbus.o
                0x20000128                middleOfMessage
                0x20000129                z
                0x2000012a                messageLengthNotChanged
                0x2000012b                messageLength
                0x2000012c                oldMessageLength
                0x2000012d                timerCount
                0x2000012e                middleMessageCount
                0x2000012f                newMessageCount
                0x20000130                oldPin
                0x20000131                modbusMessage
                0x20000132                turnLineAround
 .bss           0x20000133        0x1 .\CortexM0\ARM_GCC_484\Debug\PSoC 4 Compass Modbus Slave.a(MessageTimer.o)
                0x20000133                MessageTimer_initVar
 .bss           0x20000134        0x8 .\CortexM0\ARM_GCC_484\Debug\PSoC 4 Compass Modbus Slave.a(ModbusUART.o)
                0x20000134                ModbusUART_initVar
                0x20000138                ModbusUART_customIntrHandler
 .bss           0x2000013c        0x1 .\CortexM0\ARM_GCC_484\Debug\PSoC 4 Compass Modbus Slave.a(SpeedTimer.o)
                0x2000013c                SpeedTimer_initVar
 *fill*         0x2000013d        0x3 
 .bss           0x20000140        0x8 .\CortexM0\ARM_GCC_484\Debug\PSoC 4 Compass Modbus Slave.a(I2C_MASTER.o)
                0x20000140                I2C_MASTER_initVar
                0x20000144                I2C_MASTER_customIntrHandler
 *(COMMON)
 COMMON         0x20000148       0x78 .\CortexM0\ARM_GCC_484\Debug\main.o
                0x20000148                xoffset
                0x20000150                offsetsy
                0x20000158                cy
                0x2000015a                cx
                0x2000015c                mb
                0x20000184                yoffset
                0x20000186                pidspeed
                0x20000188                sx
                0x20000190                mode
                0x20000198                sz
                0x200001a0                buffer
                0x200001a8                offsetsx
                0x200001b0                cz
                0x200001b2                devAddr
                0x200001b8                sy
 COMMON         0x200001c0        0x4 .\CortexM0\ARM_GCC_484\Debug\interrupts.o
                0x200001c0                speedInterruptFlag
                0x200001c1                messageTimerFlag
                0x200001c2                messageReceivedFlag
                0x200001c3                encoderInterruptFlag
 COMMON         0x200001c4      0x1f9 .\CortexM0\ARM_GCC_484\Debug\Modbus.o
                0x200001c4                response
                0x20000244                coils
                0x20000278                holdingReg
                0x20000340                received
 COMMON         0x200003bd        0x1 .\CortexM0\ARM_GCC_484\Debug\PSoC 4 Compass Modbus Slave.a(I2C_MASTER_I2C.o)
                0x200003bd                I2C_MASTER_state
 *fill*         0x200003be        0x2 
 COMMON         0x200003c0       0x20 .\CortexM0\ARM_GCC_484\Debug\PSoC 4 Compass Modbus Slave.a(I2C_MASTER_I2C_MASTER.o)
                0x200003c0                I2C_MASTER_mstrRdBufPtr
                0x200003c4                I2C_MASTER_mstrRdBufIndex
                0x200003c8                I2C_MASTER_mstrWrBufIndex
                0x200003cc                I2C_MASTER_mstrWrBufIndexTmp
                0x200003d0                I2C_MASTER_mstrWrBufSize
                0x200003d4                I2C_MASTER_mstrRdBufSize
                0x200003d8                I2C_MASTER_mstrControl
                0x200003da                I2C_MASTER_mstrStatus
                0x200003dc                I2C_MASTER_mstrWrBufPtr
                0x200003e0                . = ALIGN (0x8)
 *(.ram.b)
                0x200003e0                _end = .
                0x200003e0                __end = .
                0x200003e0                PROVIDE (end, .)
                0x200003e0                PROVIDE (__bss_end__, .)
                0x00004698                __cy_region_init_ram = LOADADDR (.data)
                0x00000020                __cy_region_init_size_ram = (_edata - ADDR (.data))
                0x000002f8                __cy_region_zero_size_ram = (_end - _edata)

.heap           0x200003e0      0x100 load address 0x000046b8
                0x200003e0                . = _end
                0x200004e0                . = (. + 0x100)
 *fill*         0x200003e0      0x100 
                0x200004e0                __cy_heap_limit = .

.stack          0x20000c00      0x400
                0x20000c00                __cy_stack_limit = .
                0x20001000                . = (. + 0x400)
 *fill*         0x20000c00      0x400 
                0x00000001                ASSERT ((__cy_stack_limit >= __cy_heap_limit), region RAM overflowed with stack)

.cyloadermeta
 *(.cyloadermeta)

.cyloadablemeta
 *(.cyloadablemeta)

.cyflashprotect
                0x90400000       0x20
 *(.cyflashprotect)
 .cyflashprotect
                0x90400000       0x20 .\CortexM0\ARM_GCC_484\Debug\cymetadata.o
                0x90400000                cy_meta_flashprotect

.cymeta         0x90500000        0xc
 *(.cymeta)
 .cymeta        0x90500000        0xc .\CortexM0\ARM_GCC_484\Debug\cymetadata.o
                0x90500000                cy_metadata

.cychipprotect  0x90600000        0x4
 *(.cychipprotect)
 .cychipprotect
                0x90600000        0x4 .\CortexM0\ARM_GCC_484\Debug\cymetadata.o
                0x90600000                cy_meta_chipprotect

.rel.dyn        0x000046b8        0x0 load address 0x90600004
 .rel.iplt      0x00000000        0x0 c:/program files (x86)/cypress/psoc creator/3.1/psoc creator/import/gnu_cs/arm/4.8.4/bin/../lib/gcc/arm-none-eabi/4.8.4/armv6-m/crtbegin.o

.stab
 *(.stab)

.stabstr
 *(.stabstr)

.debug
 *(.debug)

.line
 *(.line)

.debug_srcinfo
 *(.debug_srcinfo)

.debug_sfnames
 *(.debug_sfnames)

.debug_aranges  0x00000000      0xc80
 *(.debug_aranges)
 .debug_aranges
                0x00000000       0x38 .\CortexM0\ARM_GCC_484\Debug\main.o
 .debug_aranges
                0x00000038       0x30 .\CortexM0\ARM_GCC_484\Debug\interrupts.o
 .debug_aranges
                0x00000068       0x88 .\CortexM0\ARM_GCC_484\Debug\Modbus.o
 .debug_aranges
                0x000000f0       0x68 .\CortexM0\ARM_GCC_484\Debug\i2cfunctions.o
 .debug_aranges
                0x00000158       0xd0 .\CortexM0\ARM_GCC_484\Debug\hmc5883l.o
 .debug_aranges
                0x00000228       0x88 .\CortexM0\ARM_GCC_484\Debug\HMC5883L-Compass.o
 .debug_aranges
                0x000002b0       0x50 .\CortexM0\ARM_GCC_484\Debug\i2c.o
 .debug_aranges
                0x00000300       0x18 .\CortexM0\ARM_GCC_484\Debug\cymetadata.o
 .debug_aranges
                0x00000318       0x48 .\CortexM0\ARM_GCC_484\Debug\Cm0Start.o
 .debug_aranges
                0x00000360       0x58 .\CortexM0\ARM_GCC_484\Debug\PSoC 4 Compass Modbus Slave.a(cyfitter_cfg.o)
 .debug_aranges
                0x000003b8       0x20 .\CortexM0\ARM_GCC_484\Debug\PSoC 4 Compass Modbus Slave.a(CyBootAsmGnu.o)
 .debug_aranges
                0x000003d8      0x230 .\CortexM0\ARM_GCC_484\Debug\PSoC 4 Compass Modbus Slave.a(CyLib.o)
 .debug_aranges
                0x00000608      0x158 .\CortexM0\ARM_GCC_484\Debug\PSoC 4 Compass Modbus Slave.a(MessageTimer.o)
 .debug_aranges
                0x00000760       0x68 .\CortexM0\ARM_GCC_484\Debug\PSoC 4 Compass Modbus Slave.a(ModbusUART.o)
 .debug_aranges
                0x000007c8       0x60 .\CortexM0\ARM_GCC_484\Debug\PSoC 4 Compass Modbus Slave.a(ModbusUART_SPI_UART.o)
 .debug_aranges
                0x00000828       0x50 .\CortexM0\ARM_GCC_484\Debug\PSoC 4 Compass Modbus Slave.a(ModbusUART_UART.o)
 .debug_aranges
                0x00000878       0x80 .\CortexM0\ARM_GCC_484\Debug\PSoC 4 Compass Modbus Slave.a(MessageReceived.o)
 .debug_aranges
                0x000008f8       0x80 .\CortexM0\ARM_GCC_484\Debug\PSoC 4 Compass Modbus Slave.a(EndOfMessage.o)
 .debug_aranges
                0x00000978       0x40 .\CortexM0\ARM_GCC_484\Debug\PSoC 4 Compass Modbus Slave.a(writeEnable.o)
 .debug_aranges
                0x000009b8       0x90 .\CortexM0\ARM_GCC_484\Debug\PSoC 4 Compass Modbus Slave.a(SpeedTimer.o)
 .debug_aranges
                0x00000a48       0x80 .\CortexM0\ARM_GCC_484\Debug\PSoC 4 Compass Modbus Slave.a(SpeedInterrupt.o)
 .debug_aranges
                0x00000ac8       0x68 .\CortexM0\ARM_GCC_484\Debug\PSoC 4 Compass Modbus Slave.a(I2C_MASTER.o)
 .debug_aranges
                0x00000b30       0x28 .\CortexM0\ARM_GCC_484\Debug\PSoC 4 Compass Modbus Slave.a(I2C_MASTER_I2C.o)
 .debug_aranges
                0x00000b58       0x88 .\CortexM0\ARM_GCC_484\Debug\PSoC 4 Compass Modbus Slave.a(I2C_MASTER_I2C_MASTER.o)
 .debug_aranges
                0x00000be0       0x40 .\CortexM0\ARM_GCC_484\Debug\PSoC 4 Compass Modbus Slave.a(I2C_MASTER_sda.o)
 .debug_aranges
                0x00000c20       0x40 .\CortexM0\ARM_GCC_484\Debug\PSoC 4 Compass Modbus Slave.a(I2C_MASTER_scl.o)
 .debug_aranges
                0x00000c60       0x20 .\CortexM0\ARM_GCC_484\Debug\PSoC 4 Compass Modbus Slave.a(I2C_MASTER_I2C_INT.o)

.debug_pubnames
 *(.debug_pubnames)

.debug_info     0x00000000     0x54be
 *(.debug_info .gnu.linkonce.wi.*)
 .debug_info    0x00000000      0x3e9 .\CortexM0\ARM_GCC_484\Debug\main.o
 .debug_info    0x000003e9      0x151 .\CortexM0\ARM_GCC_484\Debug\interrupts.o
 .debug_info    0x0000053a      0x7bf .\CortexM0\ARM_GCC_484\Debug\Modbus.o
 .debug_info    0x00000cf9      0x412 .\CortexM0\ARM_GCC_484\Debug\i2cfunctions.o
 .debug_info    0x0000110b      0x373 .\CortexM0\ARM_GCC_484\Debug\hmc5883l.o
 .debug_info    0x0000147e      0x53f .\CortexM0\ARM_GCC_484\Debug\HMC5883L-Compass.o
 .debug_info    0x000019bd      0x30e .\CortexM0\ARM_GCC_484\Debug\i2c.o
 .debug_info    0x00001ccb       0xfd .\CortexM0\ARM_GCC_484\Debug\cymetadata.o
 .debug_info    0x00001dc8      0x2ff .\CortexM0\ARM_GCC_484\Debug\Cm0Start.o
 .debug_info    0x000020c7      0x442 .\CortexM0\ARM_GCC_484\Debug\PSoC 4 Compass Modbus Slave.a(cyfitter_cfg.o)
 .debug_info    0x00002509       0xa5 .\CortexM0\ARM_GCC_484\Debug\PSoC 4 Compass Modbus Slave.a(CyBootAsmGnu.o)
 .debug_info    0x000025ae      0xc5b .\CortexM0\ARM_GCC_484\Debug\PSoC 4 Compass Modbus Slave.a(CyLib.o)
 .debug_info    0x00003209      0x6f0 .\CortexM0\ARM_GCC_484\Debug\PSoC 4 Compass Modbus Slave.a(MessageTimer.o)
 .debug_info    0x000038f9      0x1eb .\CortexM0\ARM_GCC_484\Debug\PSoC 4 Compass Modbus Slave.a(ModbusUART.o)
 .debug_info    0x00003ae4      0x20d .\CortexM0\ARM_GCC_484\Debug\PSoC 4 Compass Modbus Slave.a(ModbusUART_SPI_UART.o)
 .debug_info    0x00003cf1      0x1fe .\CortexM0\ARM_GCC_484\Debug\PSoC 4 Compass Modbus Slave.a(ModbusUART_UART.o)
 .debug_info    0x00003eef      0x241 .\CortexM0\ARM_GCC_484\Debug\PSoC 4 Compass Modbus Slave.a(MessageReceived.o)
 .debug_info    0x00004130      0x241 .\CortexM0\ARM_GCC_484\Debug\PSoC 4 Compass Modbus Slave.a(EndOfMessage.o)
 .debug_info    0x00004371      0x14c .\CortexM0\ARM_GCC_484\Debug\PSoC 4 Compass Modbus Slave.a(writeEnable.o)
 .debug_info    0x000044bd      0x236 .\CortexM0\ARM_GCC_484\Debug\PSoC 4 Compass Modbus Slave.a(SpeedTimer.o)
 .debug_info    0x000046f3      0x241 .\CortexM0\ARM_GCC_484\Debug\PSoC 4 Compass Modbus Slave.a(SpeedInterrupt.o)
 .debug_info    0x00004934      0x1eb .\CortexM0\ARM_GCC_484\Debug\PSoC 4 Compass Modbus Slave.a(I2C_MASTER.o)
 .debug_info    0x00004b1f      0x119 .\CortexM0\ARM_GCC_484\Debug\PSoC 4 Compass Modbus Slave.a(I2C_MASTER_I2C.o)
 .debug_info    0x00004c38      0x466 .\CortexM0\ARM_GCC_484\Debug\PSoC 4 Compass Modbus Slave.a(I2C_MASTER_I2C_MASTER.o)
 .debug_info    0x0000509e      0x14c .\CortexM0\ARM_GCC_484\Debug\PSoC 4 Compass Modbus Slave.a(I2C_MASTER_sda.o)
 .debug_info    0x000051ea      0x14c .\CortexM0\ARM_GCC_484\Debug\PSoC 4 Compass Modbus Slave.a(I2C_MASTER_scl.o)
 .debug_info    0x00005336      0x188 .\CortexM0\ARM_GCC_484\Debug\PSoC 4 Compass Modbus Slave.a(I2C_MASTER_I2C_INT.o)

.debug_abbrev   0x00000000     0x1c98
 *(.debug_abbrev)
 .debug_abbrev  0x00000000      0x13c .\CortexM0\ARM_GCC_484\Debug\main.o
 .debug_abbrev  0x0000013c       0x9d .\CortexM0\ARM_GCC_484\Debug\interrupts.o
 .debug_abbrev  0x000001d9      0x125 .\CortexM0\ARM_GCC_484\Debug\Modbus.o
 .debug_abbrev  0x000002fe       0x9f .\CortexM0\ARM_GCC_484\Debug\i2cfunctions.o
 .debug_abbrev  0x0000039d      0x186 .\CortexM0\ARM_GCC_484\Debug\hmc5883l.o
 .debug_abbrev  0x00000523      0x14a .\CortexM0\ARM_GCC_484\Debug\HMC5883L-Compass.o
 .debug_abbrev  0x0000066d       0xbb .\CortexM0\ARM_GCC_484\Debug\i2c.o
 .debug_abbrev  0x00000728       0x5d .\CortexM0\ARM_GCC_484\Debug\cymetadata.o
 .debug_abbrev  0x00000785      0x1b4 .\CortexM0\ARM_GCC_484\Debug\Cm0Start.o
 .debug_abbrev  0x00000939      0x18a .\CortexM0\ARM_GCC_484\Debug\PSoC 4 Compass Modbus Slave.a(cyfitter_cfg.o)
 .debug_abbrev  0x00000ac3       0x14 .\CortexM0\ARM_GCC_484\Debug\PSoC 4 Compass Modbus Slave.a(CyBootAsmGnu.o)
 .debug_abbrev  0x00000ad7      0x207 .\CortexM0\ARM_GCC_484\Debug\PSoC 4 Compass Modbus Slave.a(CyLib.o)
 .debug_abbrev  0x00000cde      0x109 .\CortexM0\ARM_GCC_484\Debug\PSoC 4 Compass Modbus Slave.a(MessageTimer.o)
 .debug_abbrev  0x00000de7      0x122 .\CortexM0\ARM_GCC_484\Debug\PSoC 4 Compass Modbus Slave.a(ModbusUART.o)
 .debug_abbrev  0x00000f09      0x15c .\CortexM0\ARM_GCC_484\Debug\PSoC 4 Compass Modbus Slave.a(ModbusUART_SPI_UART.o)
 .debug_abbrev  0x00001065       0xf9 .\CortexM0\ARM_GCC_484\Debug\PSoC 4 Compass Modbus Slave.a(ModbusUART_UART.o)
 .debug_abbrev  0x0000115e      0x168 .\CortexM0\ARM_GCC_484\Debug\PSoC 4 Compass Modbus Slave.a(MessageReceived.o)
 .debug_abbrev  0x000012c6      0x168 .\CortexM0\ARM_GCC_484\Debug\PSoC 4 Compass Modbus Slave.a(EndOfMessage.o)
 .debug_abbrev  0x0000142e       0xb7 .\CortexM0\ARM_GCC_484\Debug\PSoC 4 Compass Modbus Slave.a(writeEnable.o)
 .debug_abbrev  0x000014e5      0x128 .\CortexM0\ARM_GCC_484\Debug\PSoC 4 Compass Modbus Slave.a(SpeedTimer.o)
 .debug_abbrev  0x0000160d      0x168 .\CortexM0\ARM_GCC_484\Debug\PSoC 4 Compass Modbus Slave.a(SpeedInterrupt.o)
 .debug_abbrev  0x00001775      0x122 .\CortexM0\ARM_GCC_484\Debug\PSoC 4 Compass Modbus Slave.a(I2C_MASTER.o)
 .debug_abbrev  0x00001897       0x9d .\CortexM0\ARM_GCC_484\Debug\PSoC 4 Compass Modbus Slave.a(I2C_MASTER_I2C.o)
 .debug_abbrev  0x00001934      0x161 .\CortexM0\ARM_GCC_484\Debug\PSoC 4 Compass Modbus Slave.a(I2C_MASTER_I2C_MASTER.o)
 .debug_abbrev  0x00001a95       0xb7 .\CortexM0\ARM_GCC_484\Debug\PSoC 4 Compass Modbus Slave.a(I2C_MASTER_sda.o)
 .debug_abbrev  0x00001b4c       0xb7 .\CortexM0\ARM_GCC_484\Debug\PSoC 4 Compass Modbus Slave.a(I2C_MASTER_scl.o)
 .debug_abbrev  0x00001c03       0x95 .\CortexM0\ARM_GCC_484\Debug\PSoC 4 Compass Modbus Slave.a(I2C_MASTER_I2C_INT.o)

.debug_line     0x00000000     0x30f7
 *(.debug_line)
 .debug_line    0x00000000      0x1e2 .\CortexM0\ARM_GCC_484\Debug\main.o
 .debug_line    0x000001e2       0x90 .\CortexM0\ARM_GCC_484\Debug\interrupts.o
 .debug_line    0x00000272      0x443 .\CortexM0\ARM_GCC_484\Debug\Modbus.o
 .debug_line    0x000006b5      0x224 .\CortexM0\ARM_GCC_484\Debug\i2cfunctions.o
 .debug_line    0x000008d9      0x2ed .\CortexM0\ARM_GCC_484\Debug\hmc5883l.o
 .debug_line    0x00000bc6      0x356 .\CortexM0\ARM_GCC_484\Debug\HMC5883L-Compass.o
 .debug_line    0x00000f1c      0x20c .\CortexM0\ARM_GCC_484\Debug\i2c.o
 .debug_line    0x00001128       0x53 .\CortexM0\ARM_GCC_484\Debug\cymetadata.o
 .debug_line    0x0000117b      0x1bb .\CortexM0\ARM_GCC_484\Debug\Cm0Start.o
 .debug_line    0x00001336      0x1b9 .\CortexM0\ARM_GCC_484\Debug\PSoC 4 Compass Modbus Slave.a(cyfitter_cfg.o)
 .debug_line    0x000014ef       0x69 .\CortexM0\ARM_GCC_484\Debug\PSoC 4 Compass Modbus Slave.a(CyBootAsmGnu.o)
 .debug_line    0x00001558      0x703 .\CortexM0\ARM_GCC_484\Debug\PSoC 4 Compass Modbus Slave.a(CyLib.o)
 .debug_line    0x00001c5b      0x375 .\CortexM0\ARM_GCC_484\Debug\PSoC 4 Compass Modbus Slave.a(MessageTimer.o)
 .debug_line    0x00001fd0      0x125 .\CortexM0\ARM_GCC_484\Debug\PSoC 4 Compass Modbus Slave.a(ModbusUART.o)
 .debug_line    0x000020f5      0x12b .\CortexM0\ARM_GCC_484\Debug\PSoC 4 Compass Modbus Slave.a(ModbusUART_SPI_UART.o)
 .debug_line    0x00002220      0x107 .\CortexM0\ARM_GCC_484\Debug\PSoC 4 Compass Modbus Slave.a(ModbusUART_UART.o)
 .debug_line    0x00002327      0x15e .\CortexM0\ARM_GCC_484\Debug\PSoC 4 Compass Modbus Slave.a(MessageReceived.o)
 .debug_line    0x00002485      0x15b .\CortexM0\ARM_GCC_484\Debug\PSoC 4 Compass Modbus Slave.a(EndOfMessage.o)
 .debug_line    0x000025e0       0xb1 .\CortexM0\ARM_GCC_484\Debug\PSoC 4 Compass Modbus Slave.a(writeEnable.o)
 .debug_line    0x00002691      0x179 .\CortexM0\ARM_GCC_484\Debug\PSoC 4 Compass Modbus Slave.a(SpeedTimer.o)
 .debug_line    0x0000280a      0x14d .\CortexM0\ARM_GCC_484\Debug\PSoC 4 Compass Modbus Slave.a(SpeedInterrupt.o)
 .debug_line    0x00002957      0x12d .\CortexM0\ARM_GCC_484\Debug\PSoC 4 Compass Modbus Slave.a(I2C_MASTER.o)
 .debug_line    0x00002a84       0xab .\CortexM0\ARM_GCC_484\Debug\PSoC 4 Compass Modbus Slave.a(I2C_MASTER_I2C.o)
 .debug_line    0x00002b2f      0x2b2 .\CortexM0\ARM_GCC_484\Debug\PSoC 4 Compass Modbus Slave.a(I2C_MASTER_I2C_MASTER.o)
 .debug_line    0x00002de1       0xb4 .\CortexM0\ARM_GCC_484\Debug\PSoC 4 Compass Modbus Slave.a(I2C_MASTER_sda.o)
 .debug_line    0x00002e95       0xb4 .\CortexM0\ARM_GCC_484\Debug\PSoC 4 Compass Modbus Slave.a(I2C_MASTER_scl.o)
 .debug_line    0x00002f49      0x1ae .\CortexM0\ARM_GCC_484\Debug\PSoC 4 Compass Modbus Slave.a(I2C_MASTER_I2C_INT.o)

.debug_frame    0x00000000     0x2cf0
 *(.debug_frame)
 .debug_frame   0x00000000       0x94 .\CortexM0\ARM_GCC_484\Debug\main.o
 .debug_frame   0x00000094       0x6c .\CortexM0\ARM_GCC_484\Debug\interrupts.o
 .debug_frame   0x00000100      0x1d4 .\CortexM0\ARM_GCC_484\Debug\Modbus.o
 .debug_frame   0x000002d4      0x160 .\CortexM0\ARM_GCC_484\Debug\i2cfunctions.o
 .debug_frame   0x00000434      0x2b0 .\CortexM0\ARM_GCC_484\Debug\hmc5883l.o
 .debug_frame   0x000006e4      0x1d0 .\CortexM0\ARM_GCC_484\Debug\HMC5883L-Compass.o
 .debug_frame   0x000008b4       0xfc .\CortexM0\ARM_GCC_484\Debug\i2c.o
 .debug_frame   0x000009b0       0xc8 .\CortexM0\ARM_GCC_484\Debug\Cm0Start.o
 .debug_frame   0x00000a78      0x108 .\CortexM0\ARM_GCC_484\Debug\PSoC 4 Compass Modbus Slave.a(cyfitter_cfg.o)
 .debug_frame   0x00000b80      0x83c .\CortexM0\ARM_GCC_484\Debug\PSoC 4 Compass Modbus Slave.a(CyLib.o)
 .debug_frame   0x000013bc      0x52c .\CortexM0\ARM_GCC_484\Debug\PSoC 4 Compass Modbus Slave.a(MessageTimer.o)
 .debug_frame   0x000018e8      0x134 .\CortexM0\ARM_GCC_484\Debug\PSoC 4 Compass Modbus Slave.a(ModbusUART.o)
 .debug_frame   0x00001a1c      0x128 .\CortexM0\ARM_GCC_484\Debug\PSoC 4 Compass Modbus Slave.a(ModbusUART_SPI_UART.o)
 .debug_frame   0x00001b44       0xec .\CortexM0\ARM_GCC_484\Debug\PSoC 4 Compass Modbus Slave.a(ModbusUART_UART.o)
 .debug_frame   0x00001c30      0x190 .\CortexM0\ARM_GCC_484\Debug\PSoC 4 Compass Modbus Slave.a(MessageReceived.o)
 .debug_frame   0x00001dc0      0x190 .\CortexM0\ARM_GCC_484\Debug\PSoC 4 Compass Modbus Slave.a(EndOfMessage.o)
 .debug_frame   0x00001f50       0xa8 .\CortexM0\ARM_GCC_484\Debug\PSoC 4 Compass Modbus Slave.a(writeEnable.o)
 .debug_frame   0x00001ff8      0x1cc .\CortexM0\ARM_GCC_484\Debug\PSoC 4 Compass Modbus Slave.a(SpeedTimer.o)
 .debug_frame   0x000021c4      0x190 .\CortexM0\ARM_GCC_484\Debug\PSoC 4 Compass Modbus Slave.a(SpeedInterrupt.o)
 .debug_frame   0x00002354      0x134 .\CortexM0\ARM_GCC_484\Debug\PSoC 4 Compass Modbus Slave.a(I2C_MASTER.o)
 .debug_frame   0x00002488       0x48 .\CortexM0\ARM_GCC_484\Debug\PSoC 4 Compass Modbus Slave.a(I2C_MASTER_I2C.o)
 .debug_frame   0x000024d0      0x1c0 .\CortexM0\ARM_GCC_484\Debug\PSoC 4 Compass Modbus Slave.a(I2C_MASTER_I2C_MASTER.o)
 .debug_frame   0x00002690       0xa8 .\CortexM0\ARM_GCC_484\Debug\PSoC 4 Compass Modbus Slave.a(I2C_MASTER_sda.o)
 .debug_frame   0x00002738       0xa8 .\CortexM0\ARM_GCC_484\Debug\PSoC 4 Compass Modbus Slave.a(I2C_MASTER_scl.o)
 .debug_frame   0x000027e0       0x30 .\CortexM0\ARM_GCC_484\Debug\PSoC 4 Compass Modbus Slave.a(I2C_MASTER_I2C_INT.o)
 .debug_frame   0x00002810       0x20 c:/program files (x86)/cypress/psoc creator/3.1/psoc creator/import/gnu_cs/arm/4.8.4/bin/../lib/gcc/arm-none-eabi/4.8.4/armv6-m\libgcc.a(_udivsi3.o)
 .debug_frame   0x00002830       0x20 c:/program files (x86)/cypress/psoc creator/3.1/psoc creator/import/gnu_cs/arm/4.8.4/bin/../lib/gcc/arm-none-eabi/4.8.4/armv6-m\libgcc.a(_divsi3.o)
 .debug_frame   0x00002850       0x2c c:/program files (x86)/cypress/psoc creator/3.1/psoc creator/import/gnu_cs/arm/4.8.4/bin/../lib/gcc/arm-none-eabi/4.8.4/armv6-m\libgcc.a(_fixunsdfsi.o)
 .debug_frame   0x0000287c       0x30 c:/program files (x86)/cypress/psoc creator/3.1/psoc creator/import/gnu_cs/arm/4.8.4/bin/../lib/gcc/arm-none-eabi/4.8.4/armv6-m\libgcc.a(addsf3.o)
 .debug_frame   0x000028ac       0x3c c:/program files (x86)/cypress/psoc creator/3.1/psoc creator/import/gnu_cs/arm/4.8.4/bin/../lib/gcc/arm-none-eabi/4.8.4/armv6-m\libgcc.a(divsf3.o)
 .debug_frame   0x000028e8       0x2c c:/program files (x86)/cypress/psoc creator/3.1/psoc creator/import/gnu_cs/arm/4.8.4/bin/../lib/gcc/arm-none-eabi/4.8.4/armv6-m\libgcc.a(eqsf2.o)
 .debug_frame   0x00002914       0x30 c:/program files (x86)/cypress/psoc creator/3.1/psoc creator/import/gnu_cs/arm/4.8.4/bin/../lib/gcc/arm-none-eabi/4.8.4/armv6-m\libgcc.a(gesf2.o)
 .debug_frame   0x00002944       0x30 c:/program files (x86)/cypress/psoc creator/3.1/psoc creator/import/gnu_cs/arm/4.8.4/bin/../lib/gcc/arm-none-eabi/4.8.4/armv6-m\libgcc.a(lesf2.o)
 .debug_frame   0x00002974       0x3c c:/program files (x86)/cypress/psoc creator/3.1/psoc creator/import/gnu_cs/arm/4.8.4/bin/../lib/gcc/arm-none-eabi/4.8.4/armv6-m\libgcc.a(mulsf3.o)
 .debug_frame   0x000029b0       0x30 c:/program files (x86)/cypress/psoc creator/3.1/psoc creator/import/gnu_cs/arm/4.8.4/bin/../lib/gcc/arm-none-eabi/4.8.4/armv6-m\libgcc.a(subsf3.o)
 .debug_frame   0x000029e0       0x20 c:/program files (x86)/cypress/psoc creator/3.1/psoc creator/import/gnu_cs/arm/4.8.4/bin/../lib/gcc/arm-none-eabi/4.8.4/armv6-m\libgcc.a(fixsfsi.o)
 .debug_frame   0x00002a00       0x2c c:/program files (x86)/cypress/psoc creator/3.1/psoc creator/import/gnu_cs/arm/4.8.4/bin/../lib/gcc/arm-none-eabi/4.8.4/armv6-m\libgcc.a(floatsisf.o)
 .debug_frame   0x00002a2c       0x28 c:/program files (x86)/cypress/psoc creator/3.1/psoc creator/import/gnu_cs/arm/4.8.4/bin/../lib/gcc/arm-none-eabi/4.8.4/armv6-m\libgcc.a(floatunsisf.o)
 .debug_frame   0x00002a54       0x3c c:/program files (x86)/cypress/psoc creator/3.1/psoc creator/import/gnu_cs/arm/4.8.4/bin/../lib/gcc/arm-none-eabi/4.8.4/armv6-m\libgcc.a(muldf3.o)
 .debug_frame   0x00002a90       0x3c c:/program files (x86)/cypress/psoc creator/3.1/psoc creator/import/gnu_cs/arm/4.8.4/bin/../lib/gcc/arm-none-eabi/4.8.4/armv6-m\libgcc.a(subdf3.o)
 .debug_frame   0x00002acc       0x2c c:/program files (x86)/cypress/psoc creator/3.1/psoc creator/import/gnu_cs/arm/4.8.4/bin/../lib/gcc/arm-none-eabi/4.8.4/armv6-m\libgcc.a(fixdfsi.o)
 .debug_frame   0x00002af8       0x30 c:/program files (x86)/cypress/psoc creator/3.1/psoc creator/import/gnu_cs/arm/4.8.4/bin/../lib/gcc/arm-none-eabi/4.8.4/armv6-m\libgcc.a(floatsidf.o)
 .debug_frame   0x00002b28       0x2c c:/program files (x86)/cypress/psoc creator/3.1/psoc creator/import/gnu_cs/arm/4.8.4/bin/../lib/gcc/arm-none-eabi/4.8.4/armv6-m\libgcc.a(extendsfdf2.o)
 .debug_frame   0x00002b54       0x30 c:/program files (x86)/cypress/psoc creator/3.1/psoc creator/import/gnu_cs/arm/4.8.4/bin/../lib/gcc/arm-none-eabi/4.8.4/armv6-m\libgcc.a(truncdfsf2.o)
 .debug_frame   0x00002b84       0x3c c:/program files (x86)/cypress/psoc creator/3.1/psoc creator/import/gnu_cs/arm/4.8.4/bin/../lib/gcc/arm-none-eabi/4.8.4/armv6-m\libgcc.a(eqdf2.o)
 .debug_frame   0x00002bc0       0x38 c:/program files (x86)/cypress/psoc creator/3.1/psoc creator/import/gnu_cs/arm/4.8.4/bin/../lib/gcc/arm-none-eabi/4.8.4/armv6-m\libgcc.a(gedf2.o)
 .debug_frame   0x00002bf8       0x3c c:/program files (x86)/cypress/psoc creator/3.1/psoc creator/import/gnu_cs/arm/4.8.4/bin/../lib/gcc/arm-none-eabi/4.8.4/armv6-m\libgcc.a(ledf2.o)
 .debug_frame   0x00002c34       0x20 c:/program files (x86)/cypress/psoc creator/3.1/psoc creator/import/gnu_cs/arm/4.8.4/bin/../lib/gcc/arm-none-eabi/4.8.4/../../../../arm-none-eabi/lib/armv6-m\libg_s.a(lib_a-errno.o)
 .debug_frame   0x00002c54       0x28 c:/program files (x86)/cypress/psoc creator/3.1/psoc creator/import/gnu_cs/arm/4.8.4/bin/../lib/gcc/arm-none-eabi/4.8.4/../../../../arm-none-eabi/lib/armv6-m\libg_s.a(lib_a-exit.o)
 .debug_frame   0x00002c7c       0x2c c:/program files (x86)/cypress/psoc creator/3.1/psoc creator/import/gnu_cs/arm/4.8.4/bin/../lib/gcc/arm-none-eabi/4.8.4/../../../../arm-none-eabi/lib/armv6-m\libg_s.a(lib_a-init.o)
 .debug_frame   0x00002ca8       0x28 c:/program files (x86)/cypress/psoc creator/3.1/psoc creator/import/gnu_cs/arm/4.8.4/bin/../lib/gcc/arm-none-eabi/4.8.4/../../../../arm-none-eabi/lib/armv6-m\libg_s.a(lib_a-memcpy-stub.o)
 .debug_frame   0x00002cd0       0x20 c:/program files (x86)/cypress/psoc creator/3.1/psoc creator/import/gnu_cs/arm/4.8.4/bin/../lib/gcc/arm-none-eabi/4.8.4/../../../../arm-none-eabi/lib/armv6-m\libg_s.a(lib_a-memset.o)

.debug_str      0x00000000     0x2c11
 *(.debug_str)
 .debug_str     0x00000000      0x2ef .\CortexM0\ARM_GCC_484\Debug\main.o
                                0x350 (size before relaxing)
 .debug_str     0x000002ef       0x9f .\CortexM0\ARM_GCC_484\Debug\interrupts.o
                                0x215 (size before relaxing)
 .debug_str     0x0000038e      0x339 .\CortexM0\ARM_GCC_484\Debug\Modbus.o
                                0x4ec (size before relaxing)
 .debug_str     0x000006c7       0xc5 .\CortexM0\ARM_GCC_484\Debug\i2cfunctions.o
                                0x258 (size before relaxing)
 .debug_str     0x0000078c      0x21c .\CortexM0\ARM_GCC_484\Debug\hmc5883l.o
                                0x3d4 (size before relaxing)
 .debug_str     0x000009a8      0x1e4 .\CortexM0\ARM_GCC_484\Debug\HMC5883L-Compass.o
                                0x3a5 (size before relaxing)
 .debug_str     0x00000b8c       0x79 .\CortexM0\ARM_GCC_484\Debug\i2c.o
                                0x21c (size before relaxing)
 .debug_str     0x00000c05       0x5b .\CortexM0\ARM_GCC_484\Debug\cymetadata.o
                                0x1d1 (size before relaxing)
 .debug_str     0x00000c60      0x124 .\CortexM0\ARM_GCC_484\Debug\Cm0Start.o
                                0x2bf (size before relaxing)
 .debug_str     0x00000d84      0x18c .\CortexM0\ARM_GCC_484\Debug\PSoC 4 Compass Modbus Slave.a(cyfitter_cfg.o)
                                0x359 (size before relaxing)
 .debug_str     0x00000f10      0x709 .\CortexM0\ARM_GCC_484\Debug\PSoC 4 Compass Modbus Slave.a(CyLib.o)
                                0x8d8 (size before relaxing)
 .debug_str     0x00001619      0x50e .\CortexM0\ARM_GCC_484\Debug\PSoC 4 Compass Modbus Slave.a(MessageTimer.o)
                                0x6a1 (size before relaxing)
 .debug_str     0x00001b27      0x165 .\CortexM0\ARM_GCC_484\Debug\PSoC 4 Compass Modbus Slave.a(ModbusUART.o)
                                0x2f5 (size before relaxing)
 .debug_str     0x00001c8c      0x173 .\CortexM0\ARM_GCC_484\Debug\PSoC 4 Compass Modbus Slave.a(ModbusUART_SPI_UART.o)
                                0x301 (size before relaxing)
 .debug_str     0x00001dff      0x119 .\CortexM0\ARM_GCC_484\Debug\PSoC 4 Compass Modbus Slave.a(ModbusUART_UART.o)
                                0x2b3 (size before relaxing)
 .debug_str     0x00001f18      0x183 .\CortexM0\ARM_GCC_484\Debug\PSoC 4 Compass Modbus Slave.a(MessageReceived.o)
                                0x340 (size before relaxing)
 .debug_str     0x0000209b      0x14a .\CortexM0\ARM_GCC_484\Debug\PSoC 4 Compass Modbus Slave.a(EndOfMessage.o)
                                0x316 (size before relaxing)
 .debug_str     0x000021e5       0xa9 .\CortexM0\ARM_GCC_484\Debug\PSoC 4 Compass Modbus Slave.a(writeEnable.o)
                                0x22e (size before relaxing)
 .debug_str     0x0000228e      0x1c8 .\CortexM0\ARM_GCC_484\Debug\PSoC 4 Compass Modbus Slave.a(SpeedTimer.o)
                                0x352 (size before relaxing)
 .debug_str     0x00002456      0x166 .\CortexM0\ARM_GCC_484\Debug\PSoC 4 Compass Modbus Slave.a(SpeedInterrupt.o)
                                0x332 (size before relaxing)
 .debug_str     0x000025bc      0x144 .\CortexM0\ARM_GCC_484\Debug\PSoC 4 Compass Modbus Slave.a(I2C_MASTER.o)
                                0x2f5 (size before relaxing)
 .debug_str     0x00002700       0xab .\CortexM0\ARM_GCC_484\Debug\PSoC 4 Compass Modbus Slave.a(I2C_MASTER_I2C.o)
                                0x235 (size before relaxing)
 .debug_str     0x000027ab      0x2bf .\CortexM0\ARM_GCC_484\Debug\PSoC 4 Compass Modbus Slave.a(I2C_MASTER_I2C_MASTER.o)
                                0x4b0 (size before relaxing)
 .debug_str     0x00002a6a       0xa8 .\CortexM0\ARM_GCC_484\Debug\PSoC 4 Compass Modbus Slave.a(I2C_MASTER_sda.o)
                                0x240 (size before relaxing)
 .debug_str     0x00002b12       0xa8 .\CortexM0\ARM_GCC_484\Debug\PSoC 4 Compass Modbus Slave.a(I2C_MASTER_scl.o)
                                0x240 (size before relaxing)
 .debug_str     0x00002bba       0x57 .\CortexM0\ARM_GCC_484\Debug\PSoC 4 Compass Modbus Slave.a(I2C_MASTER_I2C_INT.o)
                                0x2fc (size before relaxing)

.debug_loc
 *(.debug_loc)

.debug_macinfo
 *(.debug_macinfo)

.debug_ranges   0x00000000      0xab8
 *(.debug_ranges)
 .debug_ranges  0x00000000       0x28 .\CortexM0\ARM_GCC_484\Debug\main.o
 .debug_ranges  0x00000028       0x20 .\CortexM0\ARM_GCC_484\Debug\interrupts.o
 .debug_ranges  0x00000048       0x78 .\CortexM0\ARM_GCC_484\Debug\Modbus.o
 .debug_ranges  0x000000c0       0x58 .\CortexM0\ARM_GCC_484\Debug\i2cfunctions.o
 .debug_ranges  0x00000118       0xc0 .\CortexM0\ARM_GCC_484\Debug\hmc5883l.o
 .debug_ranges  0x000001d8       0x78 .\CortexM0\ARM_GCC_484\Debug\HMC5883L-Compass.o
 .debug_ranges  0x00000250       0x40 .\CortexM0\ARM_GCC_484\Debug\i2c.o
 .debug_ranges  0x00000290       0x38 .\CortexM0\ARM_GCC_484\Debug\Cm0Start.o
 .debug_ranges  0x000002c8       0x48 .\CortexM0\ARM_GCC_484\Debug\PSoC 4 Compass Modbus Slave.a(cyfitter_cfg.o)
 .debug_ranges  0x00000310      0x220 .\CortexM0\ARM_GCC_484\Debug\PSoC 4 Compass Modbus Slave.a(CyLib.o)
 .debug_ranges  0x00000530      0x148 .\CortexM0\ARM_GCC_484\Debug\PSoC 4 Compass Modbus Slave.a(MessageTimer.o)
 .debug_ranges  0x00000678       0x58 .\CortexM0\ARM_GCC_484\Debug\PSoC 4 Compass Modbus Slave.a(ModbusUART.o)
 .debug_ranges  0x000006d0       0x50 .\CortexM0\ARM_GCC_484\Debug\PSoC 4 Compass Modbus Slave.a(ModbusUART_SPI_UART.o)
 .debug_ranges  0x00000720       0x40 .\CortexM0\ARM_GCC_484\Debug\PSoC 4 Compass Modbus Slave.a(ModbusUART_UART.o)
 .debug_ranges  0x00000760       0x70 .\CortexM0\ARM_GCC_484\Debug\PSoC 4 Compass Modbus Slave.a(MessageReceived.o)
 .debug_ranges  0x000007d0       0x70 .\CortexM0\ARM_GCC_484\Debug\PSoC 4 Compass Modbus Slave.a(EndOfMessage.o)
 .debug_ranges  0x00000840       0x30 .\CortexM0\ARM_GCC_484\Debug\PSoC 4 Compass Modbus Slave.a(writeEnable.o)
 .debug_ranges  0x00000870       0x80 .\CortexM0\ARM_GCC_484\Debug\PSoC 4 Compass Modbus Slave.a(SpeedTimer.o)
 .debug_ranges  0x000008f0       0x70 .\CortexM0\ARM_GCC_484\Debug\PSoC 4 Compass Modbus Slave.a(SpeedInterrupt.o)
 .debug_ranges  0x00000960       0x58 .\CortexM0\ARM_GCC_484\Debug\PSoC 4 Compass Modbus Slave.a(I2C_MASTER.o)
 .debug_ranges  0x000009b8       0x18 .\CortexM0\ARM_GCC_484\Debug\PSoC 4 Compass Modbus Slave.a(I2C_MASTER_I2C.o)
 .debug_ranges  0x000009d0       0x78 .\CortexM0\ARM_GCC_484\Debug\PSoC 4 Compass Modbus Slave.a(I2C_MASTER_I2C_MASTER.o)
 .debug_ranges  0x00000a48       0x30 .\CortexM0\ARM_GCC_484\Debug\PSoC 4 Compass Modbus Slave.a(I2C_MASTER_sda.o)
 .debug_ranges  0x00000a78       0x30 .\CortexM0\ARM_GCC_484\Debug\PSoC 4 Compass Modbus Slave.a(I2C_MASTER_scl.o)
 .debug_ranges  0x00000aa8       0x10 .\CortexM0\ARM_GCC_484\Debug\PSoC 4 Compass Modbus Slave.a(I2C_MASTER_I2C_INT.o)

.comment        0x00000000       0x70
 .comment       0x00000000       0x70 .\CortexM0\ARM_GCC_484\Debug\main.o
                                 0x71 (size before relaxing)
 .comment       0x00000000       0x71 .\CortexM0\ARM_GCC_484\Debug\interrupts.o
 .comment       0x00000000       0x71 .\CortexM0\ARM_GCC_484\Debug\Modbus.o
 .comment       0x00000000       0x71 .\CortexM0\ARM_GCC_484\Debug\i2cfunctions.o
 .comment       0x00000000       0x71 .\CortexM0\ARM_GCC_484\Debug\hmc5883l.o
 .comment       0x00000000       0x71 .\CortexM0\ARM_GCC_484\Debug\HMC5883L-Compass.o
 .comment       0x00000000       0x71 .\CortexM0\ARM_GCC_484\Debug\i2c.o
 .comment       0x00000000       0x71 .\CortexM0\ARM_GCC_484\Debug\cymetadata.o
 .comment       0x00000000       0x71 .\CortexM0\ARM_GCC_484\Debug\Cm0Start.o
 .comment       0x00000000       0x71 .\CortexM0\ARM_GCC_484\Debug\PSoC 4 Compass Modbus Slave.a(cyfitter_cfg.o)
 .comment       0x00000000       0x71 .\CortexM0\ARM_GCC_484\Debug\PSoC 4 Compass Modbus Slave.a(CyLib.o)
 .comment       0x00000000       0x71 .\CortexM0\ARM_GCC_484\Debug\PSoC 4 Compass Modbus Slave.a(MessageTimer.o)
 .comment       0x00000000       0x71 .\CortexM0\ARM_GCC_484\Debug\PSoC 4 Compass Modbus Slave.a(ModbusUART.o)
 .comment       0x00000000       0x71 .\CortexM0\ARM_GCC_484\Debug\PSoC 4 Compass Modbus Slave.a(ModbusUART_SPI_UART.o)
 .comment       0x00000000       0x71 .\CortexM0\ARM_GCC_484\Debug\PSoC 4 Compass Modbus Slave.a(ModbusUART_UART.o)
 .comment       0x00000000       0x71 .\CortexM0\ARM_GCC_484\Debug\PSoC 4 Compass Modbus Slave.a(MessageReceived.o)
 .comment       0x00000000       0x71 .\CortexM0\ARM_GCC_484\Debug\PSoC 4 Compass Modbus Slave.a(EndOfMessage.o)
 .comment       0x00000000       0x71 .\CortexM0\ARM_GCC_484\Debug\PSoC 4 Compass Modbus Slave.a(writeEnable.o)
 .comment       0x00000000       0x71 .\CortexM0\ARM_GCC_484\Debug\PSoC 4 Compass Modbus Slave.a(SpeedTimer.o)
 .comment       0x00000000       0x71 .\CortexM0\ARM_GCC_484\Debug\PSoC 4 Compass Modbus Slave.a(SpeedInterrupt.o)
 .comment       0x00000000       0x71 .\CortexM0\ARM_GCC_484\Debug\PSoC 4 Compass Modbus Slave.a(I2C_MASTER.o)
 .comment       0x00000000       0x71 .\CortexM0\ARM_GCC_484\Debug\PSoC 4 Compass Modbus Slave.a(I2C_MASTER_I2C.o)
 .comment       0x00000000       0x71 .\CortexM0\ARM_GCC_484\Debug\PSoC 4 Compass Modbus Slave.a(I2C_MASTER_I2C_MASTER.o)
 .comment       0x00000000       0x71 .\CortexM0\ARM_GCC_484\Debug\PSoC 4 Compass Modbus Slave.a(I2C_MASTER_sda.o)
 .comment       0x00000000       0x71 .\CortexM0\ARM_GCC_484\Debug\PSoC 4 Compass Modbus Slave.a(I2C_MASTER_scl.o)
 .comment       0x00000000       0x71 .\CortexM0\ARM_GCC_484\Debug\PSoC 4 Compass Modbus Slave.a(I2C_MASTER_I2C_INT.o)

.debug_weaknames
 *(.debug_weaknames)

.debug_funcnames
 *(.debug_funcnames)

.debug_typenames
 *(.debug_typenames)

.debug_varnames
 *(.debug_varnames)

.note.gnu.arm.ident
 *(.note.gnu.arm.ident)

.ARM.attributes
                0x00000000       0x28
 *(.ARM.attributes)
 .ARM.attributes
                0x00000000       0x1e c:/program files (x86)/cypress/psoc creator/3.1/psoc creator/import/gnu_cs/arm/4.8.4/bin/../lib/gcc/arm-none-eabi/4.8.4/armv6-m/crti.o
 .ARM.attributes
                0x0000001e       0x2c c:/program files (x86)/cypress/psoc creator/3.1/psoc creator/import/gnu_cs/arm/4.8.4/bin/../lib/gcc/arm-none-eabi/4.8.4/armv6-m/crtbegin.o
 .ARM.attributes
                0x0000004a       0x1b c:/program files (x86)/cypress/psoc creator/3.1/psoc creator/import/gnu_cs/arm/4.8.4/bin/../lib/gcc/arm-none-eabi/4.8.4/../../../../arm-none-eabi/lib/armv6-m/crt0.o
 .ARM.attributes
                0x00000065       0x31 .\CortexM0\ARM_GCC_484\Debug\main.o
 .ARM.attributes
                0x00000096       0x31 .\CortexM0\ARM_GCC_484\Debug\interrupts.o
 .ARM.attributes
                0x000000c7       0x31 .\CortexM0\ARM_GCC_484\Debug\Modbus.o
 .ARM.attributes
                0x000000f8       0x31 .\CortexM0\ARM_GCC_484\Debug\i2cfunctions.o
 .ARM.attributes
                0x00000129       0x31 .\CortexM0\ARM_GCC_484\Debug\hmc5883l.o
 .ARM.attributes
                0x0000015a       0x31 .\CortexM0\ARM_GCC_484\Debug\HMC5883L-Compass.o
 .ARM.attributes
                0x0000018b       0x31 .\CortexM0\ARM_GCC_484\Debug\i2c.o
 .ARM.attributes
                0x000001bc       0x31 .\CortexM0\ARM_GCC_484\Debug\cymetadata.o
 .ARM.attributes
                0x000001ed       0x31 .\CortexM0\ARM_GCC_484\Debug\Cm0Start.o
 .ARM.attributes
                0x0000021e       0x31 .\CortexM0\ARM_GCC_484\Debug\PSoC 4 Compass Modbus Slave.a(cyfitter_cfg.o)
 .ARM.attributes
                0x0000024f       0x21 .\CortexM0\ARM_GCC_484\Debug\PSoC 4 Compass Modbus Slave.a(CyBootAsmGnu.o)
 .ARM.attributes
                0x00000270       0x31 .\CortexM0\ARM_GCC_484\Debug\PSoC 4 Compass Modbus Slave.a(CyLib.o)
 .ARM.attributes
                0x000002a1       0x31 .\CortexM0\ARM_GCC_484\Debug\PSoC 4 Compass Modbus Slave.a(MessageTimer.o)
 .ARM.attributes
                0x000002d2       0x31 .\CortexM0\ARM_GCC_484\Debug\PSoC 4 Compass Modbus Slave.a(ModbusUART.o)
 .ARM.attributes
                0x00000303       0x31 .\CortexM0\ARM_GCC_484\Debug\PSoC 4 Compass Modbus Slave.a(ModbusUART_SPI_UART.o)
 .ARM.attributes
                0x00000334       0x31 .\CortexM0\ARM_GCC_484\Debug\PSoC 4 Compass Modbus Slave.a(ModbusUART_UART.o)
 .ARM.attributes
                0x00000365       0x31 .\CortexM0\ARM_GCC_484\Debug\PSoC 4 Compass Modbus Slave.a(MessageReceived.o)
 .ARM.attributes
                0x00000396       0x31 .\CortexM0\ARM_GCC_484\Debug\PSoC 4 Compass Modbus Slave.a(EndOfMessage.o)
 .ARM.attributes
                0x000003c7       0x31 .\CortexM0\ARM_GCC_484\Debug\PSoC 4 Compass Modbus Slave.a(writeEnable.o)
 .ARM.attributes
                0x000003f8       0x31 .\CortexM0\ARM_GCC_484\Debug\PSoC 4 Compass Modbus Slave.a(SpeedTimer.o)
 .ARM.attributes
                0x00000429       0x31 .\CortexM0\ARM_GCC_484\Debug\PSoC 4 Compass Modbus Slave.a(SpeedInterrupt.o)
 .ARM.attributes
                0x0000045a       0x31 .\CortexM0\ARM_GCC_484\Debug\PSoC 4 Compass Modbus Slave.a(I2C_MASTER.o)
 .ARM.attributes
                0x0000048b       0x31 .\CortexM0\ARM_GCC_484\Debug\PSoC 4 Compass Modbus Slave.a(I2C_MASTER_I2C.o)
 .ARM.attributes
                0x000004bc       0x31 .\CortexM0\ARM_GCC_484\Debug\PSoC 4 Compass Modbus Slave.a(I2C_MASTER_I2C_MASTER.o)
 .ARM.attributes
                0x000004ed       0x31 .\CortexM0\ARM_GCC_484\Debug\PSoC 4 Compass Modbus Slave.a(I2C_MASTER_sda.o)
 .ARM.attributes
                0x0000051e       0x31 .\CortexM0\ARM_GCC_484\Debug\PSoC 4 Compass Modbus Slave.a(I2C_MASTER_scl.o)
 .ARM.attributes
                0x0000054f       0x31 .\CortexM0\ARM_GCC_484\Debug\PSoC 4 Compass Modbus Slave.a(I2C_MASTER_I2C_INT.o)
 .ARM.attributes
                0x00000580       0x1e c:/program files (x86)/cypress/psoc creator/3.1/psoc creator/import/gnu_cs/arm/4.8.4/bin/../lib/gcc/arm-none-eabi/4.8.4/armv6-m\libgcc.a(_udivsi3.o)
 .ARM.attributes
                0x0000059e       0x1e c:/program files (x86)/cypress/psoc creator/3.1/psoc creator/import/gnu_cs/arm/4.8.4/bin/../lib/gcc/arm-none-eabi/4.8.4/armv6-m\libgcc.a(_divsi3.o)
 .ARM.attributes
                0x000005bc       0x1e c:/program files (x86)/cypress/psoc creator/3.1/psoc creator/import/gnu_cs/arm/4.8.4/bin/../lib/gcc/arm-none-eabi/4.8.4/armv6-m\libgcc.a(_dvmd_tls.o)
 .ARM.attributes
                0x000005da       0x1e c:/program files (x86)/cypress/psoc creator/3.1/psoc creator/import/gnu_cs/arm/4.8.4/bin/../lib/gcc/arm-none-eabi/4.8.4/armv6-m\libgcc.a(_arm_cmpsf2.o)
 .ARM.attributes
                0x000005f8       0x2c c:/program files (x86)/cypress/psoc creator/3.1/psoc creator/import/gnu_cs/arm/4.8.4/bin/../lib/gcc/arm-none-eabi/4.8.4/armv6-m\libgcc.a(_fixunsdfsi.o)
 .ARM.attributes
                0x00000624       0x2c c:/program files (x86)/cypress/psoc creator/3.1/psoc creator/import/gnu_cs/arm/4.8.4/bin/../lib/gcc/arm-none-eabi/4.8.4/armv6-m\libgcc.a(addsf3.o)
 .ARM.attributes
                0x00000650       0x2c c:/program files (x86)/cypress/psoc creator/3.1/psoc creator/import/gnu_cs/arm/4.8.4/bin/../lib/gcc/arm-none-eabi/4.8.4/armv6-m\libgcc.a(divsf3.o)
 .ARM.attributes
                0x0000067c       0x2c c:/program files (x86)/cypress/psoc creator/3.1/psoc creator/import/gnu_cs/arm/4.8.4/bin/../lib/gcc/arm-none-eabi/4.8.4/armv6-m\libgcc.a(eqsf2.o)
 .ARM.attributes
                0x000006a8       0x2c c:/program files (x86)/cypress/psoc creator/3.1/psoc creator/import/gnu_cs/arm/4.8.4/bin/../lib/gcc/arm-none-eabi/4.8.4/armv6-m\libgcc.a(gesf2.o)
 .ARM.attributes
                0x000006d4       0x2c c:/program files (x86)/cypress/psoc creator/3.1/psoc creator/import/gnu_cs/arm/4.8.4/bin/../lib/gcc/arm-none-eabi/4.8.4/armv6-m\libgcc.a(lesf2.o)
 .ARM.attributes
                0x00000700       0x2c c:/program files (x86)/cypress/psoc creator/3.1/psoc creator/import/gnu_cs/arm/4.8.4/bin/../lib/gcc/arm-none-eabi/4.8.4/armv6-m\libgcc.a(mulsf3.o)
 .ARM.attributes
                0x0000072c       0x2c c:/program files (x86)/cypress/psoc creator/3.1/psoc creator/import/gnu_cs/arm/4.8.4/bin/../lib/gcc/arm-none-eabi/4.8.4/armv6-m\libgcc.a(subsf3.o)
 .ARM.attributes
                0x00000758       0x2c c:/program files (x86)/cypress/psoc creator/3.1/psoc creator/import/gnu_cs/arm/4.8.4/bin/../lib/gcc/arm-none-eabi/4.8.4/armv6-m\libgcc.a(fixsfsi.o)
 .ARM.attributes
                0x00000784       0x2c c:/program files (x86)/cypress/psoc creator/3.1/psoc creator/import/gnu_cs/arm/4.8.4/bin/../lib/gcc/arm-none-eabi/4.8.4/armv6-m\libgcc.a(floatsisf.o)
 .ARM.attributes
                0x000007b0       0x2c c:/program files (x86)/cypress/psoc creator/3.1/psoc creator/import/gnu_cs/arm/4.8.4/bin/../lib/gcc/arm-none-eabi/4.8.4/armv6-m\libgcc.a(floatunsisf.o)
 .ARM.attributes
                0x000007dc       0x2c c:/program files (x86)/cypress/psoc creator/3.1/psoc creator/import/gnu_cs/arm/4.8.4/bin/../lib/gcc/arm-none-eabi/4.8.4/armv6-m\libgcc.a(muldf3.o)
 .ARM.attributes
                0x00000808       0x2c c:/program files (x86)/cypress/psoc creator/3.1/psoc creator/import/gnu_cs/arm/4.8.4/bin/../lib/gcc/arm-none-eabi/4.8.4/armv6-m\libgcc.a(subdf3.o)
 .ARM.attributes
                0x00000834       0x2c c:/program files (x86)/cypress/psoc creator/3.1/psoc creator/import/gnu_cs/arm/4.8.4/bin/../lib/gcc/arm-none-eabi/4.8.4/armv6-m\libgcc.a(fixdfsi.o)
 .ARM.attributes
                0x00000860       0x2c c:/program files (x86)/cypress/psoc creator/3.1/psoc creator/import/gnu_cs/arm/4.8.4/bin/../lib/gcc/arm-none-eabi/4.8.4/armv6-m\libgcc.a(floatsidf.o)
 .ARM.attributes
                0x0000088c       0x2c c:/program files (x86)/cypress/psoc creator/3.1/psoc creator/import/gnu_cs/arm/4.8.4/bin/../lib/gcc/arm-none-eabi/4.8.4/armv6-m\libgcc.a(extendsfdf2.o)
 .ARM.attributes
                0x000008b8       0x2c c:/program files (x86)/cypress/psoc creator/3.1/psoc creator/import/gnu_cs/arm/4.8.4/bin/../lib/gcc/arm-none-eabi/4.8.4/armv6-m\libgcc.a(truncdfsf2.o)
 .ARM.attributes
                0x000008e4       0x1e c:/program files (x86)/cypress/psoc creator/3.1/psoc creator/import/gnu_cs/arm/4.8.4/bin/../lib/gcc/arm-none-eabi/4.8.4/armv6-m\libgcc.a(_arm_cmpdf2.o)
 .ARM.attributes
                0x00000902       0x1e c:/program files (x86)/cypress/psoc creator/3.1/psoc creator/import/gnu_cs/arm/4.8.4/bin/../lib/gcc/arm-none-eabi/4.8.4/armv6-m\libgcc.a(_clzsi2.o)
 .ARM.attributes
                0x00000920       0x2c c:/program files (x86)/cypress/psoc creator/3.1/psoc creator/import/gnu_cs/arm/4.8.4/bin/../lib/gcc/arm-none-eabi/4.8.4/armv6-m\libgcc.a(eqdf2.o)
 .ARM.attributes
                0x0000094c       0x2c c:/program files (x86)/cypress/psoc creator/3.1/psoc creator/import/gnu_cs/arm/4.8.4/bin/../lib/gcc/arm-none-eabi/4.8.4/armv6-m\libgcc.a(gedf2.o)
 .ARM.attributes
                0x00000978       0x2c c:/program files (x86)/cypress/psoc creator/3.1/psoc creator/import/gnu_cs/arm/4.8.4/bin/../lib/gcc/arm-none-eabi/4.8.4/armv6-m\libgcc.a(ledf2.o)
 .ARM.attributes
                0x000009a4       0x2c c:/program files (x86)/cypress/psoc creator/3.1/psoc creator/import/gnu_cs/arm/4.8.4/bin/../lib/gcc/arm-none-eabi/4.8.4/../../../../arm-none-eabi/lib/armv6-m\libg_s.a(lib_a-errno.o)
 .ARM.attributes
                0x000009d0       0x2c c:/program files (x86)/cypress/psoc creator/3.1/psoc creator/import/gnu_cs/arm/4.8.4/bin/../lib/gcc/arm-none-eabi/4.8.4/../../../../arm-none-eabi/lib/armv6-m\libg_s.a(lib_a-exit.o)
 .ARM.attributes
                0x000009fc       0x2c c:/program files (x86)/cypress/psoc creator/3.1/psoc creator/import/gnu_cs/arm/4.8.4/bin/../lib/gcc/arm-none-eabi/4.8.4/../../../../arm-none-eabi/lib/armv6-m\libg_s.a(lib_a-impure.o)
 .ARM.attributes
                0x00000a28       0x2c c:/program files (x86)/cypress/psoc creator/3.1/psoc creator/import/gnu_cs/arm/4.8.4/bin/../lib/gcc/arm-none-eabi/4.8.4/../../../../arm-none-eabi/lib/armv6-m\libg_s.a(lib_a-init.o)
 .ARM.attributes
                0x00000a54       0x2c c:/program files (x86)/cypress/psoc creator/3.1/psoc creator/import/gnu_cs/arm/4.8.4/bin/../lib/gcc/arm-none-eabi/4.8.4/../../../../arm-none-eabi/lib/armv6-m\libg_s.a(lib_a-memcpy-stub.o)
 .ARM.attributes
                0x00000a80       0x2c c:/program files (x86)/cypress/psoc creator/3.1/psoc creator/import/gnu_cs/arm/4.8.4/bin/../lib/gcc/arm-none-eabi/4.8.4/../../../../arm-none-eabi/lib/armv6-m\libg_s.a(lib_a-memset.o)
 .ARM.attributes
                0x00000aac       0x2c c:/program files (x86)/cypress/psoc creator/3.1/psoc creator/import/gnu_cs/arm/4.8.4/bin/../lib/gcc/arm-none-eabi/4.8.4/armv6-m/crtend.o
 .ARM.attributes
                0x00000ad8       0x1e c:/program files (x86)/cypress/psoc creator/3.1/psoc creator/import/gnu_cs/arm/4.8.4/bin/../lib/gcc/arm-none-eabi/4.8.4/armv6-m/crtn.o

/DISCARD/
 *(.note.GNU-stack)
OUTPUT(.\CortexM0\ARM_GCC_484\Debug\PSoC 4 Compass Modbus Slave.elf elf32-littlearm)
